Component: ARM Compiler 6.13.1 Tool: armlink [5d895400]

==============================================================================

Section Cross References

    main.o(.text.main) refers to timer.o(.text.timer2_Init) for timer2_Init
    main.o(.text.main) refers to uart.o(.text.UART_Init) for UART_Init
    main.o(.text.main) refers to bh1750.o(.text.BH1750_Init) for BH1750_Init
    main.o(.text.main) refers to bh1750.o(.text.BH1750_Readlux) for BH1750_Readlux
    main.o(.text.main) refers to f2d.o(x$fpl$f2d) for __aeabi_f2d
    main.o(.text.main) refers to main.o(.rodata.str1.1) for .L.str
    main.o(.text.main) refers to sprintf.o(.text) for sprintf
    main.o(.text.main) refers to uart.o(.text.UART_SendString) for UART_SendString
    main.o(.text.main) refers to timer.o(.text.Delay_1ms) for Delay_1ms
    main.o(.ARM.exidx.text.main) refers to main.o(.text.main) for [Anonymous Symbol]
    app_i2c.o(.text.I2C1_config) refers to stm32f10x_rcc.o(.text.RCC_APB2PeriphClockCmd) for RCC_APB2PeriphClockCmd
    app_i2c.o(.text.I2C1_config) refers to stm32f10x_rcc.o(.text.RCC_APB1PeriphClockCmd) for RCC_APB1PeriphClockCmd
    app_i2c.o(.text.I2C1_config) refers to stm32f10x_gpio.o(.text.GPIO_Init) for GPIO_Init
    app_i2c.o(.text.I2C1_config) refers to stm32f10x_i2c.o(.text.I2C_Init) for I2C_Init
    app_i2c.o(.text.I2C1_config) refers to stm32f10x_i2c.o(.text.I2C_Cmd) for I2C_Cmd
    app_i2c.o(.ARM.exidx.text.I2C1_config) refers to app_i2c.o(.text.I2C1_config) for [Anonymous Symbol]
    app_i2c.o(.text.I2C1_write) refers to stm32f10x_i2c.o(.text.I2C_GenerateSTART) for I2C_GenerateSTART
    app_i2c.o(.text.I2C1_write) refers to stm32f10x_i2c.o(.text.I2C_CheckEvent) for I2C_CheckEvent
    app_i2c.o(.text.I2C1_write) refers to stm32f10x_i2c.o(.text.I2C_Send7bitAddress) for I2C_Send7bitAddress
    app_i2c.o(.text.I2C1_write) refers to stm32f10x_i2c.o(.text.I2C_SendData) for I2C_SendData
    app_i2c.o(.text.I2C1_write) refers to stm32f10x_i2c.o(.text.I2C_GenerateSTOP) for I2C_GenerateSTOP
    app_i2c.o(.ARM.exidx.text.I2C1_write) refers to app_i2c.o(.text.I2C1_write) for [Anonymous Symbol]
    app_i2c.o(.text.I2C1_read) refers to stm32f10x_i2c.o(.text.I2C_GenerateSTART) for I2C_GenerateSTART
    app_i2c.o(.text.I2C1_read) refers to stm32f10x_i2c.o(.text.I2C_CheckEvent) for I2C_CheckEvent
    app_i2c.o(.text.I2C1_read) refers to stm32f10x_i2c.o(.text.I2C_Send7bitAddress) for I2C_Send7bitAddress
    app_i2c.o(.text.I2C1_read) refers to stm32f10x_i2c.o(.text.I2C_SendData) for I2C_SendData
    app_i2c.o(.text.I2C1_read) refers to stm32f10x_i2c.o(.text.I2C_AcknowledgeConfig) for I2C_AcknowledgeConfig
    app_i2c.o(.text.I2C1_read) refers to stm32f10x_i2c.o(.text.I2C_GenerateSTOP) for I2C_GenerateSTOP
    app_i2c.o(.ARM.exidx.text.I2C1_read) refers to app_i2c.o(.text.I2C1_read) for [Anonymous Symbol]
    app_i2c.o(.text.I2C1_read_buf) refers to stm32f10x_i2c.o(.text.I2C_GenerateSTART) for I2C_GenerateSTART
    app_i2c.o(.text.I2C1_read_buf) refers to stm32f10x_i2c.o(.text.I2C_CheckEvent) for I2C_CheckEvent
    app_i2c.o(.text.I2C1_read_buf) refers to stm32f10x_i2c.o(.text.I2C_Send7bitAddress) for I2C_Send7bitAddress
    app_i2c.o(.text.I2C1_read_buf) refers to stm32f10x_i2c.o(.text.I2C_SendData) for I2C_SendData
    app_i2c.o(.text.I2C1_read_buf) refers to stm32f10x_i2c.o(.text.I2C_AcknowledgeConfig) for I2C_AcknowledgeConfig
    app_i2c.o(.text.I2C1_read_buf) refers to stm32f10x_i2c.o(.text.I2C_ReceiveData) for I2C_ReceiveData
    app_i2c.o(.text.I2C1_read_buf) refers to stm32f10x_i2c.o(.text.I2C_GenerateSTOP) for I2C_GenerateSTOP
    app_i2c.o(.ARM.exidx.text.I2C1_read_buf) refers to app_i2c.o(.text.I2C1_read_buf) for [Anonymous Symbol]
    bh1750.o(.text.BH1750_Init) refers to app_i2c.o(.text.I2C1_config) for I2C1_config
    bh1750.o(.text.BH1750_Init) refers to app_i2c.o(.text.I2C1_write) for I2C1_write
    bh1750.o(.ARM.exidx.text.BH1750_Init) refers to bh1750.o(.text.BH1750_Init) for [Anonymous Symbol]
    bh1750.o(.text.BH1750_Readlux) refers to app_i2c.o(.text.I2C1_read_buf) for I2C1_read_buf
    bh1750.o(.text.BH1750_Readlux) refers to fflt_clz.o(x$fpl$fflt) for __aeabi_i2f
    bh1750.o(.text.BH1750_Readlux) refers to f2d.o(x$fpl$f2d) for __aeabi_f2d
    bh1750.o(.text.BH1750_Readlux) refers to ddiv.o(x$fpl$ddiv) for __aeabi_ddiv
    bh1750.o(.text.BH1750_Readlux) refers to d2f.o(x$fpl$d2f) for __aeabi_d2f
    bh1750.o(.ARM.exidx.text.BH1750_Readlux) refers to bh1750.o(.text.BH1750_Readlux) for [Anonymous Symbol]
    timer.o(.text.timer2_Init) refers to stm32f10x_rcc.o(.text.RCC_APB1PeriphClockCmd) for RCC_APB1PeriphClockCmd
    timer.o(.text.timer2_Init) refers to stm32f10x_tim.o(.text.TIM_TimeBaseInit) for TIM_TimeBaseInit
    timer.o(.text.timer2_Init) refers to stm32f10x_tim.o(.text.TIM_Cmd) for TIM_Cmd
    timer.o(.ARM.exidx.text.timer2_Init) refers to timer.o(.text.timer2_Init) for [Anonymous Symbol]
[...]
    ../clib/printf_percent.s                 0x00000000   Number         0  _printf_percent_end.o ABSOLUTE
    ../clib/signal.c                         0x00000000   Number         0  defsig_rtmem_outer.o ABSOLUTE
    ../clib/signal.c                         0x00000000   Number         0  defsig_rtmem_formal.o ABSOLUTE
    ../clib/signal.c                         0x00000000   Number         0  defsig_exit.o ABSOLUTE
    ../clib/signal.c                         0x00000000   Number         0  defsig_rtmem_inner.o ABSOLUTE
    ../clib/signal.c                         0x00000000   Number         0  __raise.o ABSOLUTE
    ../clib/signal.c                         0x00000000   Number         0  defsig_general.o ABSOLUTE
    ../clib/signal.c                         0x00000000   Number         0  defsig_abrt_inner.o ABSOLUTE
    ../clib/signal.c                         0x00000000   Number         0  defsig_fpe_inner.o ABSOLUTE
    ../clib/signal.c                         0x00000000   Number         0  defsig_rtred_inner.o ABSOLUTE
    ../clib/signal.c                         0x00000000   Number         0  defsig_stak_inner.o ABSOLUTE
    ../clib/signal.c                         0x00000000   Number         0  defsig_pvfn_inner.o ABSOLUTE
    ../clib/signal.c                         0x00000000   Number         0  defsig_cppl_inner.o ABSOLUTE
    ../clib/signal.c                         0x00000000   Number         0  defsig_segv_inner.o ABSOLUTE
    ../clib/signal.c                         0x00000000   Number         0  defsig_other.o ABSOLUTE
    ../clib/signal.s                         0x00000000   Number         0  defsig.o ABSOLUTE
    ../clib/stdlib.c                         0x00000000   Number         0  exit.o ABSOLUTE
    ../fplib/d2f.s                           0x00000000   Number         0  d2f.o ABSOLUTE
    ../fplib/ddiv.s                          0x00000000   Number         0  ddiv.o ABSOLUTE
    ../fplib/dnaninf.s                       0x00000000   Number         0  dnaninf.o ABSOLUTE
    ../fplib/dretinf.s                       0x00000000   Number         0  dretinf.o ABSOLUTE
    ../fplib/f2d.s                           0x00000000   Number         0  f2d.o ABSOLUTE
    ../fplib/fflt.s                          0x00000000   Number         0  fflt_clz.o ABSOLUTE
    ../fplib/fnaninf.s                       0x00000000   Number         0  fnaninf.o ABSOLUTE
    ../fplib/fpinit.s                        0x00000000   Number         0  fpinit.o ABSOLUTE
    ../fplib/fpinit_empty.s                  0x00000000   Number         0  fpinit_empty.o ABSOLUTE
    ../fplib/fretinf.s                       0x00000000   Number         0  fretinf.o ABSOLUTE
    ../fplib/istatus.s                       0x00000000   Number         0  istatus.o ABSOLUTE
    ../fplib/printf1.s                       0x00000000   Number         0  printf1.o ABSOLUTE
    ../fplib/printf2.s                       0x00000000   Number         0  printf2.o ABSOLUTE
    ../fplib/printf2a.s                      0x00000000   Number         0  printf2a.o ABSOLUTE
    ../fplib/printf2b.s                      0x00000000   Number         0  printf2b.o ABSOLUTE
    ../fplib/usenofp.s                       0x00000000   Number         0  usenofp.o ABSOLUTE
    ../mathlib/fpclassify.c                  0x00000000   Number         0  fpclassify.o ABSOLUTE
    GPIO_STM32F10x.c                         0x00000000   Number         0  gpio_stm32f10x.o ABSOLUTE
    RTE\Device\STM32F103C8\startup_stm32f10x_md.s 0x00000000   Number         0  startup_stm32f10x_md.o ABSOLUTE
    app_i2c.c                                0x00000000   Number         0  app_i2c.o ABSOLUTE
    bh1750.c                                 0x00000000   Number         0  bh1750.o ABSOLUTE
    dc.s                                     0x00000000   Number         0  dc.o ABSOLUTE
    main.c                                   0x00000000   Number         0  main.o ABSOLUTE
    misc.c                                   0x00000000   Number         0  misc.o ABSOLUTE
    stm32f10x_dma.c                          0x00000000   Number         0  stm32f10x_dma.o ABSOLUTE
    stm32f10x_exti.c                         0x00000000   Number         0  stm32f10x_exti.o ABSOLUTE
    stm32f10x_gpio.c                         0x00000000   Number         0  stm32f10x_gpio.o ABSOLUTE
    stm32f10x_i2c.c                          0x00000000   Number         0  stm32f10x_i2c.o ABSOLUTE
    stm32f10x_rcc.c                          0x00000000   Number         0  stm32f10x_rcc.o ABSOLUTE
    stm32f10x_sdio.c                         0x00000000   Number         0  stm32f10x_sdio.o ABSOLUTE
    stm32f10x_tim.c                          0x00000000   Number         0  stm32f10x_tim.o ABSOLUTE
    stm32f10x_usart.c                        0x00000000   Number         0  stm32f10x_usart.o ABSOLUTE
    system_stm32f10x.c                       0x00000000   Number         0  system_stm32f10x.o ABSOLUTE
    timer.c                                  0x00000000   Number         0  timer.o ABSOLUTE
    uart.c                                   0x00000000   Number         0  uart.o ABSOLUTE
    RESET                                    0x08000000   Section      236  startup_stm32f10x_md.o(RESET)
    !!!main                                  0x080000ec   Section        8  __main.o(!!!main)
    !!!scatter                               0x080000f4   Section       52  __scatter.o(!!!scatter)
    !!handler_zi                             0x08000128   Section       28  __scatter_zi.o(!!handler_zi)
    .ARM.Collect$$_printf_percent$$00000000  0x08000144   Section        0  _printf_percent.o(.ARM.Collect$$_printf_percent$$00000000)
    .ARM.Collect$$_printf_percent$$00000001  0x08000144   Section        6  _printf_n.o(.ARM.Collect$$_printf_percent$$00000001)
    .ARM.Collect$$_printf_percent$$00000002  0x0800014a   Section        6  _printf_p.o(.ARM.Collect$$_printf_percent$$00000002)
    .ARM.Collect$$_printf_percent$$00000003  0x08000150   Section        6  _printf_f.o(.ARM.Collect$$_printf_percent$$00000003)
    .ARM.Collect$$_printf_percent$$00000004  0x08000156   Section        6  _printf_e.o(.ARM.Collect$$_printf_percent$$00000004)
    .ARM.Collect$$_printf_percent$$00000005  0x0800015c   Section        6  _printf_g.o(.ARM.Collect$$_printf_percent$$00000005)
    .ARM.Collect$$_printf_percent$$00000006  0x08000162   Section        6  _printf_a.o(.ARM.Collect$$_printf_percent$$00000006)
    .ARM.Collect$$_printf_percent$$00000007  0x08000168   Section       10  _printf_ll.o(.ARM.Collect$$_printf_percent$$00000007)
    .ARM.Collect$$_printf_percent$$00000008  0x08000172   Section        6  _printf_i.o(.ARM.Collect$$_printf_percent$$00000008)
    .ARM.Collect$$_printf_percent$$00000009  0x08000178   Section        6  _printf_d.o(.ARM.Collect$$_printf_percent$$00000009)
    .ARM.Collect$$_printf_percent$$0000000A  0x0800017e   Section        6  _printf_u.o(.ARM.Collect$$_printf_percent$$0000000A)
    .ARM.Collect$$_printf_percent$$0000000B  0x08000184   Section        6  _printf_o.o(.ARM.Collect$$_printf_percent$$0000000B)
    .ARM.Collect$$_printf_percent$$0000000C  0x0800018a   Section        6  _printf_x.o(.ARM.Collect$$_printf_percent$$0000000C)
    .ARM.Collect$$_printf_percent$$0000000D  0x08000190   Section        6  _printf_lli.o(.ARM.Collect$$_printf_percent$$0000000D)
    .ARM.Collect$$_printf_percent$$0000000E  0x08000196   Section        6  _printf_lld.o(.ARM.Collect$$_printf_percent$$0000000E)
    .ARM.Collect$$_printf_percent$$0000000F  0x0800019c   Section        6  _printf_llu.o(.ARM.Collect$$_printf_percent$$0000000F)
    .ARM.Collect$$_printf_percent$$00000010  0x080001a2   Section        6  _printf_llo.o(.ARM.Collect$$_printf_percent$$00000010)
    .ARM.Collect$$_printf_percent$$00000011  0x080001a8   Section        6  _printf_llx.o(.ARM.Collect$$_printf_percent$$00000011)
    .ARM.Collect$$_printf_percent$$00000012  0x080001ae   Section       10  _printf_l.o(.ARM.Collect$$_printf_percent$$00000012)
    .ARM.Collect$$_printf_percent$$00000013  0x080001b8   Section        6  _printf_c.o(.ARM.Collect$$_printf_percent$$00000013)
    .ARM.Collect$$_printf_percent$$00000014  0x080001be   Section        6  _printf_s.o(.ARM.Collect$$_printf_percent$$00000014)
    .ARM.Collect$$_printf_percent$$00000015  0x080001c4   Section        6  _printf_lc.o(.ARM.Collect$$_printf_percent$$00000015)
    .ARM.Collect$$_printf_percent$$00000016  0x080001ca   Section        6  _printf_ls.o(.ARM.Collect$$_printf_percent$$00000016)
    .ARM.Collect$$_printf_percent$$00000017  0x080001d0   Section        4  _printf_percent_end.o(.ARM.Collect$$_printf_percent$$00000017)
    .ARM.Collect$$libinit$$00000000          0x080001d4   Section        2  libinit.o(.ARM.Collect$$libinit$$00000000)
    .ARM.Collect$$libinit$$00000002          0x080001d6   Section        0  libinit2.o(.ARM.Collect$$libinit$$00000002)
    .ARM.Collect$$libinit$$00000004          0x080001d6   Section        0  libinit2.o(.ARM.Collect$$libinit$$00000004)
    .ARM.Collect$$libinit$$0000000A          0x080001d6   Section        0  libinit2.o(.ARM.Collect$$libinit$$0000000A)
    .ARM.Collect$$libinit$$0000000C          0x080001d6   Section        0  libinit2.o(.ARM.Collect$$libinit$$0000000C)
    .ARM.Collect$$libinit$$0000000E          0x080001d6   Section        0  libinit2.o(.ARM.Collect$$libinit$$0000000E)
    .ARM.Collect$$libinit$$0000000F          0x080001d6   Section        6  libinit2.o(.ARM.Collect$$libinit$$0000000F)
    .ARM.Collect$$libinit$$00000011          0x080001dc   Section        0  libinit2.o(.ARM.Collect$$libinit$$00000011)
    .ARM.Collect$$libinit$$00000012          0x080001dc   Section       12  libinit2.o(.ARM.Collect$$libinit$$00000012)
    .ARM.Collect$$libinit$$00000013          0x080001e8   Section        0  libinit2.o(.ARM.Collect$$libinit$$00000013)
    .ARM.Collect$$libinit$$00000015          0x080001e8   Section        0  libinit2.o(.ARM.Collect$$libinit$$00000015)
    .ARM.Collect$$libinit$$00000016          0x080001e8   Section       10  libinit2.o(.ARM.Collect$$libinit$$00000016)
    .ARM.Collect$$libinit$$00000017          0x080001f2   Section        0  libinit2.o(.ARM.Collect$$libinit$$00000017)
    .ARM.Collect$$libinit$$00000019          0x080001f2   Section        0  libinit2.o(.ARM.Collect$$libinit$$00000019)
    .ARM.Collect$$libinit$$0000001B          0x080001f2   Section        0  libinit2.o(.ARM.Collect$$libinit$$0000001B)
    .ARM.Collect$$libinit$$0000001D          0x080001f2   Section        0  libinit2.o(.ARM.Collect$$libinit$$0000001D)
    .ARM.Collect$$libinit$$0000001F          0x080001f2   Section        0  libinit2.o(.ARM.Collect$$libinit$$0000001F)
    .ARM.Collect$$libinit$$00000021          0x080001f2   Section        0  libinit2.o(.ARM.Collect$$libinit$$00000021)
    .ARM.Collect$$libinit$$00000023          0x080001f2   Section        0  libinit2.o(.ARM.Collect$$libinit$$00000023)
    .ARM.Collect$$libinit$$00000025          0x080001f2   Section        0  libinit2.o(.ARM.Collect$$libinit$$00000025)
    .ARM.Collect$$libinit$$00000027          0x080001f2   Section        8  libinit2.o(.ARM.Collect$$libinit$$00000027)
    .ARM.Collect$$libinit$$0000002E          0x080001fa   Section        0  libinit2.o(.ARM.Collect$$libinit$$0000002E)
    .ARM.Collect$$libinit$$00000030          0x080001fa   Section        0  libinit2.o(.ARM.Collect$$libinit$$00000030)
    .ARM.Collect$$libinit$$00000032          0x080001fa   Section        0  libinit2.o(.ARM.Collect$$libinit$$00000032)
    .ARM.Collect$$libinit$$00000033          0x080001fa   Section        2  libinit2.o(.ARM.Collect$$libinit$$00000033)
    .ARM.Collect$$libshutdown$$00000000      0x080001fc   Section        2  libshutdown.o(.ARM.Collect$$libshutdown$$00000000)
    .ARM.Collect$$libshutdown$$00000002      0x080001fe   Section        0  libshutdown2.o(.ARM.Collect$$libshutdown$$00000002)
    .ARM.Collect$$libshutdown$$00000004      0x080001fe   Section        0  libshutdown2.o(.ARM.Collect$$libshutdown$$00000004)
    .ARM.Collect$$libshutdown$$00000007      0x080001fe   Section        0  libshutdown2.o(.ARM.Collect$$libshutdown$$00000007)
    .ARM.Collect$$libshutdown$$0000000A      0x080001fe   Section        0  libshutdown2.o(.ARM.Collect$$libshutdown$$0000000A)
    .ARM.Collect$$libshutdown$$0000000C      0x080001fe   Section        0  libshutdown2.o(.ARM.Collect$$libshutdown$$0000000C)
    .ARM.Collect$$libshutdown$$0000000F      0x080001fe   Section        0  libshutdown2.o(.ARM.Collect$$libshutdown$$0000000F)
    .ARM.Collect$$libshutdown$$00000010      0x080001fe   Section        2  libshutdown2.o(.ARM.Collect$$libshutdown$$00000010)
    .ARM.Collect$$rtentry$$00000000          0x08000200   Section        0  __rtentry.o(.ARM.Collect$$rtentry$$00000000)
    .ARM.Collect$$rtentry$$00000002          0x08000200   Section        0  __rtentry2.o(.ARM.Collect$$rtentry$$00000002)
    .ARM.Collect$$rtentry$$00000004          0x08000200   Section        6  __rtentry4.o(.ARM.Collect$$rtentry$$00000004)
    .ARM.Collect$$rtentry$$00000009          0x08000206   Section        0  __rtentry2.o(.ARM.Collect$$rtentry$$00000009)
    .ARM.Collect$$rtentry$$0000000A          0x08000206   Section        4  __rtentry2.o(.ARM.Collect$$rtentry$$0000000A)
    .ARM.Collect$$rtentry$$0000000C          0x0800020a   Section        0  __rtentry2.o(.ARM.Collect$$rtentry$$0000000C)
    .ARM.Collect$$rtentry$$0000000D          0x0800020a   Section        8  __rtentry2.o(.ARM.Collect$$rtentry$$0000000D)
    .ARM.Collect$$rtexit$$00000000           0x08000212   Section        2  rtexit.o(.ARM.Collect$$rtexit$$00000000)
    .ARM.Collect$$rtexit$$00000002           0x08000214   Section        0  rtexit2.o(.ARM.Collect$$rtexit$$00000002)
    .ARM.Collect$$rtexit$$00000003           0x08000214   Section        4  rtexit2.o(.ARM.Collect$$rtexit$$00000003)
    .ARM.Collect$$rtexit$$00000004           0x08000218   Section        6  rtexit2.o(.ARM.Collect$$rtexit$$00000004)
    .emb_text                                0x08000220   Section        4  argv_veneer.o(.emb_text)
    .text                                    0x08000224   Section       64  startup_stm32f10x_md.o(.text)
    .text                                    0x08000264   Section        0  sprintf.o(.text)
    .text                                    0x08000290   Section        0  heapauxi.o(.text)
    .text                                    0x08000296   Section        0  _printf_pad.o(.text)
    .text                                    0x080002e4   Section        0  _printf_truncate.o(.text)
    .text                                    0x08000308   Section        0  _printf_str.o(.text)
    .text                                    0x0800035c   Section        0  _printf_dec.o(.text)
    .text                                    0x080003d4   Section        0  _printf_charcount.o(.text)
    _printf_input_char                       0x080003fd   Thumb Code    10  _printf_char_common.o(.text)
    .text                                    0x080003fc   Section        0  _printf_char_common.o(.text)
    .text                                    0x0800042c   Section        0  _sputc.o(.text)
    .text                                    0x08000438   Section        0  _printf_wctomb.o(.text)
    .text                                    0x080004f4   Section        0  _printf_longlong_dec.o(.text)
    _printf_longlong_oct_internal            0x08000571   Thumb Code     0  _printf_oct_int_ll.o(.text)
    .text                                    0x08000570   Section        0  _printf_oct_int_ll.o(.text)
    _printf_hex_common                       0x080005e1   Thumb Code     0  _printf_hex_int_ll_ptr.o(.text)
    .text                                    0x080005e0   Section        0  _printf_hex_int_ll_ptr.o(.text)
    .text                                    0x08000674   Section        0  __printf_flags_ss_wp.o(.text)
    .text                                    0x080007fc   Section      138  lludiv10.o(.text)
    .text                                    0x08000886   Section        0  _printf_intcommon.o(.text)
    _fp_digits                               0x08000939   Thumb Code   432  _printf_fp_dec.o(.text)
    .text                                    0x08000938   Section        0  _printf_fp_dec.o(.text)
    .text                                    0x08000d54   Section        0  _printf_fp_hex.o(.text)
    .text                                    0x08001050   Section        0  _printf_char.o(.text)
    .text                                    0x0800107c   Section        0  _printf_wchar.o(.text)
    .text                                    0x080010a8   Section        0  _c16rtomb.o(.text)
    .text                                    0x080010f0   Section       74  sys_stackheap_outer.o(.text)
    .text                                    0x0800113c   Section       16  rt_ctype_table.o(.text)
    .text                                    0x0800114c   Section        8  rt_locale_intlibspace.o(.text)
    .text                                    0x08001154   Section        0  _printf_fp_infnan.o(.text)
    .text                                    0x080011d4   Section        0  bigflt0.o(.text)
    .text                                    0x080012b8   Section        0  exit.o(.text)
    .text                                    0x080012cc   Section        8  libspace.o(.text)
    .text                                    0x080012d4   Section      128  strcmpv7m.o(.text)
    .text                                    0x08001354   Section        0  sys_exit.o(.text)
    .text                                    0x08001360   Section        0  _get_argv_nomalloc.o(.text)
    .text                                    0x0800148e   Section        0  sys_command.o(.text)
    .text                                    0x080014a6   Section        2  use_no_semi.o(.text)
    .text                                    0x080014a8   Section        0  indicate_semi.o(.text)
    .text                                    0x080014a8   Section        0  hrguard.o(.text)
    .text                                    0x080014ac   Section        0  defsig_rtmem_outer.o(.text)
    .text                                    0x080014ba   Section        0  defsig_exit.o(.text)
    .text                                    0x080014c4   Section        0  defsig_rtmem_inner.o(.text)
    .text                                    0x08001514   Section        0  defsig_general.o(.text)
    .text                                    0x08001546   Section        0  sys_wrch.o(.text)
    [Anonymous Symbol]                       0x08001554   Section        0  bh1750.o(.text.BH1750_Init)
    [Anonymous Symbol]                       0x08001568   Section        0  bh1750.o(.text.BH1750_Readlux)
    [Anonymous Symbol]                       0x080015ac   Section        0  timer.o(.text.Delay_1ms)
    [Anonymous Symbol]                       0x080015f0   Section        0  stm32f10x_gpio.o(.text.GPIO_Init)
    [Anonymous Symbol]                       0x08001780   Section        0  app_i2c.o(.text.I2C1_config)
    [Anonymous Symbol]                       0x08001804   Section        0  app_i2c.o(.text.I2C1_read_buf)
    [Anonymous Symbol]                       0x08001afc   Section        0  app_i2c.o(.text.I2C1_write)
    [Anonymous Symbol]                       0x08001cb4   Section        0  stm32f10x_i2c.o(.text.I2C_AcknowledgeConfig)
    [Anonymous Symbol]                       0x08001ce4   Section        0  stm32f10x_i2c.o(.text.I2C_CheckEvent)
    [Anonymous Symbol]                       0x08001d38   Section        0  stm32f10x_i2c.o(.text.I2C_Cmd)
    [Anonymous Symbol]                       0x08001d68   Section        0  stm32f10x_i2c.o(.text.I2C_GenerateSTART)
    [Anonymous Symbol]                       0x08001d98   Section        0  stm32f10x_i2c.o(.text.I2C_GenerateSTOP)
    [Anonymous Symbol]                       0x08001dc8   Section        0  stm32f10x_i2c.o(.text.I2C_Init)
    [Anonymous Symbol]                       0x08001f78   Section        0  stm32f10x_i2c.o(.text.I2C_ReceiveData)
    [Anonymous Symbol]                       0x08001f88   Section        0  stm32f10x_i2c.o(.text.I2C_Send7bitAddress)
    [Anonymous Symbol]                       0x08001fcc   Section        0  stm32f10x_i2c.o(.text.I2C_SendData)
    [Anonymous Symbol]                       0x08001fe4   Section        0  stm32f10x_rcc.o(.text.RCC_APB1PeriphClockCmd)
    [Anonymous Symbol]                       0x08002024   Section        0  stm32f10x_rcc.o(.text.RCC_APB2PeriphClockCmd)
    [Anonymous Symbol]                       0x08002064   Section        0  stm32f10x_rcc.o(.text.RCC_GetClocksFreq)
    SetSysClock                              0x080021dd   Thumb Code     8  system_stm32f10x.o(.text.SetSysClock)
    [Anonymous Symbol]                       0x080021dc   Section        0  system_stm32f10x.o(.text.SetSysClock)
    SetSysClockTo72                          0x080021e5   Thumb Code   290  system_stm32f10x.o(.text.SetSysClockTo72)
    [Anonymous Symbol]                       0x080021e4   Section        0  system_stm32f10x.o(.text.SetSysClockTo72)
    [Anonymous Symbol]                       0x08002308   Section        0  system_stm32f10x.o(.text.SystemInit)
    [Anonymous Symbol]                       0x08002370   Section        0  stm32f10x_tim.o(.text.TIM_Cmd)
    [Anonymous Symbol]                       0x080023a0   Section        0  stm32f10x_tim.o(.text.TIM_GetCounter)
    [Anonymous Symbol]                       0x080023ac   Section        0  stm32f10x_tim.o(.text.TIM_SetCounter)
    [Anonymous Symbol]                       0x080023c4   Section        0  stm32f10x_tim.o(.text.TIM_TimeBaseInit)
    [Anonymous Symbol]                       0x08002508   Section        0  uart.o(.text.UART_Init)
    [Anonymous Symbol]                       0x08002590   Section        0  uart.o(.text.UART_SendChar)
    [Anonymous Symbol]                       0x080025c8   Section        0  uart.o(.text.UART_SendString)
    [Anonymous Symbol]                       0x080025ec   Section        0  stm32f10x_usart.o(.text.USART_Cmd)
    [Anonymous Symbol]                       0x0800261c   Section        0  stm32f10x_usart.o(.text.USART_GetFlagStatus)
    [Anonymous Symbol]                       0x08002664   Section        0  stm32f10x_usart.o(.text.USART_Init)
    [Anonymous Symbol]                       0x080027c4   Section        0  stm32f10x_usart.o(.text.USART_SendData)
    [Anonymous Symbol]                       0x080027e0   Section        0  main.o(.text.main)
    [Anonymous Symbol]                       0x08002838   Section        0  timer.o(.text.timer2_Init)
    CL$$btod_d2e                             0x08002872   Section       62  btod.o(CL$$btod_d2e)
    CL$$btod_d2e_denorm_low                  0x080028b0   Section       70  btod.o(CL$$btod_d2e_denorm_low)
    CL$$btod_d2e_norm_op1                    0x080028f6   Section       96  btod.o(CL$$btod_d2e_norm_op1)
    CL$$btod_div_common                      0x08002956   Section      824  btod.o(CL$$btod_div_common)
    CL$$btod_e2e                             0x08002c8e   Section      220  btod.o(CL$$btod_e2e)
    CL$$btod_ediv                            0x08002d6a   Section       42  btod.o(CL$$btod_ediv)
    CL$$btod_emul                            0x08002d94   Section       42  btod.o(CL$$btod_emul)
    CL$$btod_mult_common                     0x08002dbe   Section      580  btod.o(CL$$btod_mult_common)
    i.__ARM_fpclassify                       0x08003002   Section        0  fpclassify.o(i.__ARM_fpclassify)
    i._is_digit                              0x0800302a   Section        0  __printf_wp.o(i._is_digit)
    locale$$code                             0x08003038   Section       44  lc_numeric_c.o(locale$$code)
    locale$$code                             0x08003064   Section       44  lc_ctype_c.o(locale$$code)
    x$fpl$d2f                                0x08003090   Section       98  d2f.o(x$fpl$d2f)
    x$fpl$ddiv                               0x080030f4   Section      688  ddiv.o(x$fpl$ddiv)
    ddiv_entry                               0x080030fb   Thumb Code     0  ddiv.o(x$fpl$ddiv)
    x$fpl$dnaninf                            0x080033a4   Section      156  dnaninf.o(x$fpl$dnaninf)
    x$fpl$dretinf                            0x08003440   Section       12  dretinf.o(x$fpl$dretinf)
    x$fpl$f2d                                0x0800344c   Section       86  f2d.o(x$fpl$f2d)
    x$fpl$fflt                               0x080034a4   Section       48  fflt_clz.o(x$fpl$fflt)
    x$fpl$fnaninf                            0x080034d4   Section      140  fnaninf.o(x$fpl$fnaninf)
    x$fpl$fretinf                            0x08003560   Section       10  fretinf.o(x$fpl$fretinf)
    x$fpl$printf1                            0x0800356a   Section        4  printf1.o(x$fpl$printf1)
    x$fpl$printf2                            0x0800356e   Section        4  printf2.o(x$fpl$printf2)
    x$fpl$usenofp                            0x08003572   Section        0  usenofp.o(x$fpl$usenofp)
    initial_mbstate                          0x08003574   Data           8  _printf_wctomb.o(.constdata)
    .constdata                               0x08003574   Section        8  _printf_wctomb.o(.constdata)
    uc_hextab                                0x0800357c   Data          20  _printf_hex_int_ll_ptr.o(.constdata)
    .constdata                               0x0800357c   Section       40  _printf_hex_int_ll_ptr.o(.constdata)
    lc_hextab                                0x08003590   Data          20  _printf_hex_int_ll_ptr.o(.constdata)
    maptable                                 0x080035a4   Data          17  __printf_flags_ss_wp.o(.constdata)
    .constdata                               0x080035a4   Section       17  __printf_flags_ss_wp.o(.constdata)
    lc_hextab                                0x080035b5   Data          19  _printf_fp_hex.o(.constdata)
    .constdata                               0x080035b5   Section       38  _printf_fp_hex.o(.constdata)
    uc_hextab                                0x080035c8   Data          19  _printf_fp_hex.o(.constdata)
    tenpwrs_x                                0x080035dc   Data          60  bigflt0.o(.constdata)
    .constdata                               0x080035dc   Section      148  bigflt0.o(.constdata)
    tenpwrs_i                                0x08003618   Data          64  bigflt0.o(.constdata)
    ADCPrescTable                            0x08003670   Data           4  stm32f10x_rcc.o(.rodata.ADCPrescTable)
    [Anonymous Symbol]                       0x08003670   Section        0  stm32f10x_rcc.o(.rodata.ADCPrescTable)
    APBAHBPrescTable                         0x08003674   Data          16  stm32f10x_rcc.o(.rodata.APBAHBPrescTable)
    [Anonymous Symbol]                       0x08003674   Section        0  stm32f10x_rcc.o(.rodata.APBAHBPrescTable)
    .L.str                                   0x08003684   Data          24  main.o(.rodata.str1.1)
    [Anonymous Symbol]                       0x08003684   Section        0  main.o(.rodata.str1.1)
    locale$$data                             0x080036ac   Section       28  lc_numeric_c.o(locale$$data)
    __lcnum_c_name                           0x080036b0   Data           2  lc_numeric_c.o(locale$$data)
    __lcnum_c_start                          0x080036b8   Data           0  lc_numeric_c.o(locale$$data)
    __lcnum_c_point                          0x080036c4   Data           0  lc_numeric_c.o(locale$$data)
    __lcnum_c_thousands                      0x080036c6   Data           0  lc_numeric_c.o(locale$$data)
    __lcnum_c_grouping                       0x080036c7   Data           0  lc_numeric_c.o(locale$$data)
    __lcnum_c_end                            0x080036c8   Data           0  lc_numeric_c.o(locale$$data)
    locale$$data                             0x080036c8   Section      272  lc_ctype_c.o(locale$$data)
    __lcctype_c_name                         0x080036cc   Data           2  lc_ctype_c.o(locale$$data)
    __lcctype_c_start                        0x080036d4   Data           0  lc_ctype_c.o(locale$$data)
    __lcctype_c_end                          0x080037d8   Data           0  lc_ctype_c.o(locale$$data)
    .bss                                     0x20000000   Section       96  libspace.o(.bss)
    Heap_Mem                                 0x20000060   Data         512  startup_stm32f10x_md.o(HEAP)
    HEAP                                     0x20000060   Section      512  startup_stm32f10x_md.o(HEAP)
    Stack_Mem                                0x20000260   Data        1024  startup_stm32f10x_md.o(STACK)
    STACK                                    0x20000260   Section     1024  startup_stm32f10x_md.o(STACK)
    __initial_sp                             0x20000660   Data           0  startup_stm32f10x_md.o(STACK)

    Global Symbols

    Symbol Name                              Value     Ov Type        Size  Object(Section)

    BuildAttributes$$THM_ISAv4$P$D$K$B$S$PE$A:L22UL41UL21$X:L11$S22US41US21$IEEE1$IW$~IW$USESV6$~STKCKD$USESV7$~SHL$OTIME$ROPI$IEEEJ$EBA8$UX$STANDARDLIB$REQ8$PRES8$EABIv2 0x00000000   Number         0  anon$$obj.o ABSOLUTE
    __fp_init_empty                          0x00000000   Number         0  fpinit_empty.o ABSOLUTE
    _printf_flags                            0x00000000   Number         0  printf_stubs.o ABSOLUTE
    _printf_return_value                     0x00000000   Number         0  printf_stubs.o ABSOLUTE
    _printf_sizespec                         0x00000000   Number         0  printf_stubs.o ABSOLUTE
    _printf_widthprec                        0x00000000   Number         0  printf_stubs.o ABSOLUTE
    __ARM_exceptions_init                     - Undefined Weak Reference
    __alloca_initialize                       - Undefined Weak Reference
    __arm_preinit_                            - Undefined Weak Reference
    __cpp_initialize__aeabi_                  - Undefined Weak Reference
    __cxa_finalize                            - Undefined Weak Reference
    __sigvec_lookup                           - Undefined Weak Reference
    _atexit_init                              - Undefined Weak Reference
    _call_atexit_fns                          - Undefined Weak Reference
    _clock_init                               - Undefined Weak Reference
    _fp_trap_init                             - Undefined Weak Reference
    _fp_trap_shutdown                         - Undefined Weak Reference
    _get_lc_collate                           - Undefined Weak Reference
    _get_lc_monetary                          - Undefined Weak Reference
    _get_lc_time                              - Undefined Weak Reference
    _getenv_init                              - Undefined Weak Reference
    _handle_redirection                       - Undefined Weak Reference
    _init_alloc                               - Undefined Weak Reference
    _init_user_alloc                          - Undefined Weak Reference
    _initio                                   - Undefined Weak Reference
    _printf_mbtowc                            - Undefined Weak Reference
    _printf_wc                                - Undefined Weak Reference
    _rand_init                                - Undefined Weak Reference
    _signal_finish                            - Undefined Weak Reference
    _signal_init                              - Undefined Weak Reference
    _terminate_alloc                          - Undefined Weak Reference
    _terminate_user_alloc                     - Undefined Weak Reference
    _terminateio                              - Undefined Weak Reference
    __Vectors_Size                           0x000000ec   Number         0  startup_stm32f10x_md.o ABSOLUTE
    __Vectors                                0x08000000   Data           4  startup_stm32f10x_md.o(RESET)
    __Vectors_End                            0x080000ec   Data           0  startup_stm32f10x_md.o(RESET)
    __main                                   0x080000ed   Thumb Code     8  __main.o(!!!main)
    __scatterload                            0x080000f5   Thumb Code     0  __scatter.o(!!!scatter)
    __scatterload_rt2                        0x080000f5   Thumb Code    44  __scatter.o(!!!scatter)
    __scatterload_rt2_thumb_only             0x080000f5   Thumb Code     0  __scatter.o(!!!scatter)
    __scatterload_null                       0x08000103   Thumb Code     0  __scatter.o(!!!scatter)
    __scatterload_zeroinit                   0x08000129   Thumb Code    28  __scatter_zi.o(!!handler_zi)
    _printf_n                                0x08000145   Thumb Code     0  _printf_n.o(.ARM.Collect$$_printf_percent$$00000001)
    _printf_percent                          0x08000145   Thumb Code     0  _printf_percent.o(.ARM.Collect$$_printf_percent$$00000000)
    _printf_p                                0x0800014b   Thumb Code     0  _printf_p.o(.ARM.Collect$$_printf_percent$$00000002)
    _printf_f                                0x08000151   Thumb Code     0  _printf_f.o(.ARM.Collect$$_printf_percent$$00000003)
    _printf_e                                0x08000157   Thumb Code     0  _printf_e.o(.ARM.Collect$$_printf_percent$$00000004)
    _printf_g                                0x0800015d   Thumb Code     0  _printf_g.o(.ARM.Collect$$_printf_percent$$00000005)
    _printf_a                                0x08000163   Thumb Code     0  _printf_a.o(.ARM.Collect$$_printf_percent$$00000006)
    _printf_ll                               0x08000169   Thumb Code     0  _printf_ll.o(.ARM.Collect$$_printf_percent$$00000007)
    _printf_i                                0x08000173   Thumb Code     0  _printf_i.o(.ARM.Collect$$_printf_percent$$00000008)
    _printf_d                                0x08000179   Thumb Code     0  _printf_d.o(.ARM.Collect$$_printf_percent$$00000009)
    _printf_u                                0x0800017f   Thumb Code     0  _printf_u.o(.ARM.Collect$$_printf_percent$$0000000A)
    _printf_o                                0x08000185   Thumb Code     0  _printf_o.o(.ARM.Collect$$_printf_percent$$0000000B)
    _printf_x                                0x0800018b   Thumb Code     0  _printf_x.o(.ARM.Collect$$_printf_percent$$0000000C)
    _printf_lli                              0x08000191   Thumb Code     0  _printf_lli.o(.ARM.Collect$$_printf_percent$$0000000D)
    _printf_lld                              0x08000197   Thumb Code     0  _printf_lld.o(.ARM.Collect$$_printf_percent$$0000000E)
    _printf_llu                              0x0800019d   Thumb Code     0  _printf_llu.o(.ARM.Collect$$_printf_percent$$0000000F)
    _printf_llo                              0x080001a3   Thumb Code     0  _printf_llo.o(.ARM.Collect$$_printf_percent$$00000010)
    _printf_llx                              0x080001a9   Thumb Code     0  _printf_llx.o(.ARM.Collect$$_printf_percent$$00000011)
    _printf_l                                0x080001af   Thumb Code     0  _printf_l.o(.ARM.Collect$$_printf_percent$$00000012)
    _printf_c                                0x080001b9   Thumb Code     0  _printf_c.o(.ARM.Collect$$_printf_percent$$00000013)
    _printf_s                                0x080001bf   Thumb Code     0  _printf_s.o(.ARM.Collect$$_printf_percent$$00000014)
    _printf_lc                               0x080001c5   Thumb Code     0  _printf_lc.o(.ARM.Collect$$_printf_percent$$00000015)
    _printf_ls                               0x080001cb   Thumb Code     0  _printf_ls.o(.ARM.Collect$$_printf_percent$$00000016)
    _printf_percent_end                      0x080001d1   Thumb Code     0  _printf_percent_end.o(.ARM.Collect$$_printf_percent$$00000017)
    __rt_lib_init                            0x080001d5   Thumb Code     0  libinit.o(.ARM.Collect$$libinit$$00000000)
    __rt_lib_init_fp_1                       0x080001d7   Thumb Code     0  libinit2.o(.ARM.Collect$$libinit$$00000002)
    __rt_lib_init_heap_1                     0x080001d7   Thumb Code     0  libinit2.o(.ARM.Collect$$libinit$$0000000A)
    __rt_lib_init_lc_common                  0x080001d7   Thumb Code     0  libinit2.o(.ARM.Collect$$libinit$$0000000F)
    __rt_lib_init_preinit_1                  0x080001d7   Thumb Code     0  libinit2.o(.ARM.Collect$$libinit$$00000004)
    __rt_lib_init_rand_1                     0x080001d7   Thumb Code     0  libinit2.o(.ARM.Collect$$libinit$$0000000E)
    __rt_lib_init_user_alloc_1               0x080001d7   Thumb Code     0  libinit2.o(.ARM.Collect$$libinit$$0000000C)
    __rt_lib_init_lc_collate_1               0x080001dd   Thumb Code     0  libinit2.o(.ARM.Collect$$libinit$$00000011)
    __rt_lib_init_lc_ctype_2                 0x080001dd   Thumb Code     0  libinit2.o(.ARM.Collect$$libinit$$00000012)
    __rt_lib_init_lc_ctype_1                 0x080001e9   Thumb Code     0  libinit2.o(.ARM.Collect$$libinit$$00000013)
    __rt_lib_init_lc_monetary_1              0x080001e9   Thumb Code     0  libinit2.o(.ARM.Collect$$libinit$$00000015)
    __rt_lib_init_lc_numeric_2               0x080001e9   Thumb Code     0  libinit2.o(.ARM.Collect$$libinit$$00000016)
    __rt_lib_init_argv_1                     0x080001f3   Thumb Code     0  libinit2.o(.ARM.Collect$$libinit$$00000027)
    __rt_lib_init_atexit_1                   0x080001f3   Thumb Code     0  libinit2.o(.ARM.Collect$$libinit$$0000001B)
    __rt_lib_init_clock_1                    0x080001f3   Thumb Code     0  libinit2.o(.ARM.Collect$$libinit$$00000021)
    __rt_lib_init_fp_trap_1                  0x080001f3   Thumb Code     0  libinit2.o(.ARM.Collect$$libinit$$0000001F)
    __rt_lib_init_getenv_1                   0x080001f3   Thumb Code     0  libinit2.o(.ARM.Collect$$libinit$$00000023)
    __rt_lib_init_heapregion_libspace_used   0x080001f3   Thumb Code     0  libinit2.o(.ARM.Collect$$libinit$$00000027)
    __rt_lib_init_lc_numeric_1               0x080001f3   Thumb Code     0  libinit2.o(.ARM.Collect$$libinit$$00000017)
    __rt_lib_init_lc_time_1                  0x080001f3   Thumb Code     0  libinit2.o(.ARM.Collect$$libinit$$00000019)
    __rt_lib_init_signal_1                   0x080001f3   Thumb Code     0  libinit2.o(.ARM.Collect$$libinit$$0000001D)
    __rt_lib_init_stdio_1                    0x080001f3   Thumb Code     0  libinit2.o(.ARM.Collect$$libinit$$00000025)
    __rt_lib_init_alloca_1                   0x080001fb   Thumb Code     0  libinit2.o(.ARM.Collect$$libinit$$0000002E)
    __rt_lib_init_cpp_1                      0x080001fb   Thumb Code     0  libinit2.o(.ARM.Collect$$libinit$$00000032)
    __rt_lib_init_exceptions_1               0x080001fb   Thumb Code     0  libinit2.o(.ARM.Collect$$libinit$$00000030)
    __rt_lib_init_return                     0x080001fb   Thumb Code     0  libinit2.o(.ARM.Collect$$libinit$$00000033)
    __rt_lib_shutdown                        0x080001fd   Thumb Code     0  libshutdown.o(.ARM.Collect$$libshutdown$$00000000)
    __rt_lib_shutdown_cpp_1                  0x080001ff   Thumb Code     0  libshutdown2.o(.ARM.Collect$$libshutdown$$00000002)
    __rt_lib_shutdown_fp_trap_1              0x080001ff   Thumb Code     0  libshutdown2.o(.ARM.Collect$$libshutdown$$00000007)
    __rt_lib_shutdown_heap_1                 0x080001ff   Thumb Code     0  libshutdown2.o(.ARM.Collect$$libshutdown$$0000000F)
    __rt_lib_shutdown_return                 0x080001ff   Thumb Code     0  libshutdown2.o(.ARM.Collect$$libshutdown$$00000010)
    __rt_lib_shutdown_signal_1               0x080001ff   Thumb Code     0  libshutdown2.o(.ARM.Collect$$libshutdown$$0000000A)
    __rt_lib_shutdown_stdio_1                0x080001ff   Thumb Code     0  libshutdown2.o(.ARM.Collect$$libshutdown$$00000004)
    __rt_lib_shutdown_user_alloc_1           0x080001ff   Thumb Code     0  libshutdown2.o(.ARM.Collect$$libshutdown$$0000000C)
    __rt_entry                               0x08000201   Thumb Code     0  __rtentry.o(.ARM.Collect$$rtentry$$00000000)
    __rt_entry_presh_1                       0x08000201   Thumb Code     0  __rtentry2.o(.ARM.Collect$$rtentry$$00000002)
    __rt_entry_sh                            0x08000201   Thumb Code     0  __rtentry4.o(.ARM.Collect$$rtentry$$00000004)
    __rt_entry_li                            0x08000207   Thumb Code     0  __rtentry2.o(.ARM.Collect$$rtentry$$0000000A)
    __rt_entry_postsh_1                      0x08000207   Thumb Code     0  __rtentry2.o(.ARM.Collect$$rtentry$$00000009)
    __rt_entry_main                          0x0800020b   Thumb Code     0  __rtentry2.o(.ARM.Collect$$rtentry$$0000000D)
    __rt_entry_postli_1                      0x0800020b   Thumb Code     0  __rtentry2.o(.ARM.Collect$$rtentry$$0000000C)
    __rt_exit                                0x08000213   Thumb Code     0  rtexit.o(.ARM.Collect$$rtexit$$00000000)
    __rt_exit_ls                             0x08000215   Thumb Code     0  rtexit2.o(.ARM.Collect$$rtexit$$00000003)
    __rt_exit_prels_1                        0x08000215   Thumb Code     0  rtexit2.o(.ARM.Collect$$rtexit$$00000002)
    __rt_exit_exit                           0x08000219   Thumb Code     0  rtexit2.o(.ARM.Collect$$rtexit$$00000004)
    __ARM_argv_veneer                        0x08000221   Thumb Code     4  argv_veneer.o(.emb_text)
    Reset_Handler                            0x08000225   Thumb Code     8  startup_stm32f10x_md.o(.text)
    NMI_Handler                              0x0800022d   Thumb Code     2  startup_stm32f10x_md.o(.text)
    HardFault_Handler                        0x0800022f   Thumb Code     2  startup_stm32f10x_md.o(.text)
    MemManage_Handler                        0x08000231   Thumb Code     2  startup_stm32f10x_md.o(.text)
    BusFault_Handler                         0x08000233   Thumb Code     2  startup_stm32f10x_md.o(.text)
    UsageFault_Handler                       0x08000235   Thumb Code     2  startup_stm32f10x_md.o(.text)
    SVC_Handler                              0x08000237   Thumb Code     2  startup_stm32f10x_md.o(.text)
    DebugMon_Handler                         0x08000239   Thumb Code     2  startup_stm32f10x_md.o(.text)
    PendSV_Handler                           0x0800023b   Thumb Code     2  startup_stm32f10x_md.o(.text)
    SysTick_Handler                          0x0800023d   Thumb Code     2  startup_stm32f10x_md.o(.text)
    ADC1_2_IRQHandler                        0x0800023f   Thumb Code     0  startup_stm32f10x_md.o(.text)
    CAN1_RX1_IRQHandler                      0x0800023f   Thumb Code     0  startup_stm32f10x_md.o(.text)
    CAN1_SCE_IRQHandler                      0x0800023f   Thumb Code     0  startup_stm32f10x_md.o(.text)
    DMA1_Channel1_IRQHandler                 0x0800023f   Thumb Code     0  startup_stm32f10x_md.o(.text)
    DMA1_Channel2_IRQHandler                 0x0800023f   Thumb Code     0  startup_stm32f10x_md.o(.text)
    DMA1_Channel3_IRQHandler                 0x0800023f   Thumb Code     0  startup_stm32f10x_md.o(.text)
    DMA1_Channel4_IRQHandler                 0x0800023f   Thumb Code     0  startup_stm32f10x_md.o(.text)
    DMA1_Channel5_IRQHandler                 0x0800023f   Thumb Code     0  startup_stm32f10x_md.o(.text)
    DMA1_Channel6_IRQHandler                 0x0800023f   Thumb Code     0  startup_stm32f10x_md.o(.text)
    DMA1_Channel7_IRQHandler                 0x0800023f   Thumb Code     0  startup_stm32f10x_md.o(.text)
    EXTI0_IRQHandler                         0x0800023f   Thumb Code     0  startup_stm32f10x_md.o(.text)
    EXTI15_10_IRQHandler                     0x0800023f   Thumb Code     0  startup_stm32f10x_md.o(.text)
    EXTI1_IRQHandler                         0x0800023f   Thumb Code     0  startup_stm32f10x_md.o(.text)
    EXTI2_IRQHandler                         0x0800023f   Thumb Code     0  startup_stm32f10x_md.o(.text)
    EXTI3_IRQHandler                         0x0800023f   Thumb Code     0  startup_stm32f10x_md.o(.text)
    EXTI4_IRQHandler                         0x0800023f   Thumb Code     0  startup_stm32f10x_md.o(.text)
    EXTI9_5_IRQHandler                       0x0800023f   Thumb Code     0  startup_stm32f10x_md.o(.text)
    FLASH_IRQHandler                         0x0800023f   Thumb Code     0  startup_stm32f10x_md.o(.text)
    I2C1_ER_IRQHandler                       0x0800023f   Thumb Code     0  startup_stm32f10x_md.o(.text)
    I2C1_EV_IRQHandler                       0x0800023f   Thumb Code     0  startup_stm32f10x_md.o(.text)
    I2C2_ER_IRQHandler                       0x0800023f   Thumb Code     0  startup_stm32f10x_md.o(.text)
    I2C2_EV_IRQHandler                       0x0800023f   Thumb Code     0  startup_stm32f10x_md.o(.text)
    PVD_IRQHandler                           0x0800023f   Thumb Code     0  startup_stm32f10x_md.o(.text)
    RCC_IRQHandler                           0x0800023f   Thumb Code     0  startup_stm32f10x_md.o(.text)
    RTCAlarm_IRQHandler                      0x0800023f   Thumb Code     0  startup_stm32f10x_md.o(.text)
    RTC_IRQHandler                           0x0800023f   Thumb Code     0  startup_stm32f10x_md.o(.text)
    SPI1_IRQHandler                          0x0800023f   Thumb Code     0  startup_stm32f10x_md.o(.text)
    SPI2_IRQHandler                          0x0800023f   Thumb Code     0  startup_stm32f10x_md.o(.text)
    TAMPER_IRQHandler                        0x0800023f   Thumb Code     0  startup_stm32f10x_md.o(.text)
    TIM1_BRK_IRQHandler                      0x0800023f   Thumb Code     0  startup_stm32f10x_md.o(.text)
    TIM1_CC_IRQHandler                       0x0800023f   Thumb Code     0  startup_stm32f10x_md.o(.text)
    TIM1_TRG_COM_IRQHandler                  0x0800023f   Thumb Code     0  startup_stm32f10x_md.o(.text)
    TIM1_UP_IRQHandler                       0x0800023f   Thumb Code     0  startup_stm32f10x_md.o(.text)
    TIM2_IRQHandler                          0x0800023f   Thumb Code     0  startup_stm32f10x_md.o(.text)
    TIM3_IRQHandler                          0x0800023f   Thumb Code     0  startup_stm32f10x_md.o(.text)
    TIM4_IRQHandler                          0x0800023f   Thumb Code     0  startup_stm32f10x_md.o(.text)
    USART1_IRQHandler                        0x0800023f   Thumb Code     0  startup_stm32f10x_md.o(.text)
    USART2_IRQHandler                        0x0800023f   Thumb Code     0  startup_stm32f10x_md.o(.text)
    USART3_IRQHandler                        0x0800023f   Thumb Code     0  startup_stm32f10x_md.o(.text)
    USBWakeUp_IRQHandler                     0x0800023f   Thumb Code     0  startup_stm32f10x_md.o(.text)
    USB_HP_CAN1_TX_IRQHandler                0x0800023f   Thumb Code     0  startup_stm32f10x_md.o(.text)
    USB_LP_CAN1_RX0_IRQHandler               0x0800023f   Thumb Code     0  startup_stm32f10x_md.o(.text)
    WWDG_IRQHandler                          0x0800023f   Thumb Code     0  startup_stm32f10x_md.o(.text)
    __user_initial_stackheap                 0x08000241   Thumb Code     0  startup_stm32f10x_md.o(.text)
    sprintf                                  0x08000265   Thumb Code    38  sprintf.o(.text)
    __use_two_region_memory                  0x08000291   Thumb Code     2  heapauxi.o(.text)
    __rt_heap_escrow$2region                 0x08000293   Thumb Code     2  heapauxi.o(.text)
    __rt_heap_expand$2region                 0x08000295   Thumb Code     2  heapauxi.o(.text)
    _printf_pre_padding                      0x08000297   Thumb Code    44  _printf_pad.o(.text)
    _printf_post_padding                     0x080002c3   Thumb Code    34  _printf_pad.o(.text)
    _printf_truncate_signed                  0x080002e5   Thumb Code    18  _printf_truncate.o(.text)
    _printf_truncate_unsigned                0x080002f7   Thumb Code    18  _printf_truncate.o(.text)
    _printf_str                              0x08000309   Thumb Code    82  _printf_str.o(.text)
    _printf_int_dec                          0x0800035d   Thumb Code   104  _printf_dec.o(.text)
    _printf_charcount                        0x080003d5   Thumb Code    40  _printf_charcount.o(.text)
    _printf_char_common                      0x08000407   Thumb Code    32  _printf_char_common.o(.text)
    _sputc                                   0x0800042d   Thumb Code    10  _sputc.o(.text)
    _printf_wctomb                           0x08000439   Thumb Code   182  _printf_wctomb.o(.text)
    _printf_longlong_dec                     0x080004f5   Thumb Code   108  _printf_longlong_dec.o(.text)
    _printf_longlong_oct                     0x08000571   Thumb Code    68  _printf_oct_int_ll.o(.text)
    _printf_int_oct                          0x080005b5   Thumb Code    24  _printf_oct_int_ll.o(.text)
    _printf_ll_oct                           0x080005cd   Thumb Code    12  _printf_oct_int_ll.o(.text)
    _printf_longlong_hex                     0x080005e1   Thumb Code    86  _printf_hex_int_ll_ptr.o(.text)
    _printf_int_hex                          0x08000637   Thumb Code    28  _printf_hex_int_ll_ptr.o(.text)
    _printf_ll_hex                           0x08000653   Thumb Code    12  _printf_hex_int_ll_ptr.o(.text)
    _printf_hex_ptr                          0x0800065f   Thumb Code    18  _printf_hex_int_ll_ptr.o(.text)
    __printf                                 0x08000675   Thumb Code   388  __printf_flags_ss_wp.o(.text)
    _ll_udiv10                               0x080007fd   Thumb Code   138  lludiv10.o(.text)
    _printf_int_common                       0x08000887   Thumb Code   178  _printf_intcommon.o(.text)
    _printf_fp_dec_real                      0x08000ae9   Thumb Code   620  _printf_fp_dec.o(.text)
    _printf_fp_hex_real                      0x08000d55   Thumb Code   756  _printf_fp_hex.o(.text)
    _printf_cs_common                        0x08001051   Thumb Code    20  _printf_char.o(.text)
    _printf_char                             0x08001065   Thumb Code    16  _printf_char.o(.text)
    _printf_string                           0x08001075   Thumb Code     8  _printf_char.o(.text)
    _printf_lcs_common                       0x0800107d   Thumb Code    20  _printf_wchar.o(.text)
    _printf_wchar                            0x08001091   Thumb Code    16  _printf_wchar.o(.text)
    _printf_wstring                          0x080010a1   Thumb Code     8  _printf_wchar.o(.text)
    _c16rtomb                                0x080010a9   Thumb Code    72  _c16rtomb.o(.text)
    _wcrtomb                                 0x080010a9   Thumb Code     0  _c16rtomb.o(.text)
    __user_setup_stackheap                   0x080010f1   Thumb Code    74  sys_stackheap_outer.o(.text)
    __rt_ctype_table                         0x0800113d   Thumb Code    16  rt_ctype_table.o(.text)
    __rt_locale                              0x0800114d   Thumb Code     8  rt_locale_intlibspace.o(.text)
    _printf_fp_infnan                        0x08001155   Thumb Code   112  _printf_fp_infnan.o(.text)
    _btod_etento                             0x080011d5   Thumb Code   224  bigflt0.o(.text)
    exit                                     0x080012b9   Thumb Code    18  exit.o(.text)
    __user_libspace                          0x080012cd   Thumb Code     8  libspace.o(.text)
    __user_perproc_libspace                  0x080012cd   Thumb Code     0  libspace.o(.text)
    __user_perthread_libspace                0x080012cd   Thumb Code     0  libspace.o(.text)
    strcmp                                   0x080012d5   Thumb Code   128  strcmpv7m.o(.text)
    _sys_exit                                0x08001355   Thumb Code     8  sys_exit.o(.text)
    __argv_alloc                             0x08001361   Thumb Code    34  _get_argv_nomalloc.o(.text)
    __ARM_get_argv                           0x08001383   Thumb Code   268  _get_argv_nomalloc.o(.text)
    _sys_command_string                      0x0800148f   Thumb Code    24  sys_command.o(.text)
    __I$use$semihosting                      0x080014a7   Thumb Code     0  use_no_semi.o(.text)
    __use_no_semihosting_swi                 0x080014a7   Thumb Code     2  use_no_semi.o(.text)
    __semihosting_library_function           0x080014a9   Thumb Code     0  indicate_semi.o(.text)
    __use_no_heap_region                     0x080014a9   Thumb Code     2  hrguard.o(.text)
    __heap_region$guard                      0x080014ab   Thumb Code     2  hrguard.o(.text)
    __rt_SIGRTMEM                            0x080014ad   Thumb Code    14  defsig_rtmem_outer.o(.text)
    __sig_exit                               0x080014bb   Thumb Code    10  defsig_exit.o(.text)
    __rt_SIGRTMEM_inner                      0x080014c5   Thumb Code    22  defsig_rtmem_inner.o(.text)
    __default_signal_display                 0x08001515   Thumb Code    50  defsig_general.o(.text)
    _ttywrch                                 0x08001547   Thumb Code    14  sys_wrch.o(.text)
    BH1750_Init                              0x08001555   Thumb Code    18  bh1750.o(.text.BH1750_Init)
    BH1750_Readlux                           0x08001569   Thumb Code    68  bh1750.o(.text.BH1750_Readlux)
    Delay_1ms                                0x080015ad   Thumb Code    66  timer.o(.text.Delay_1ms)
    GPIO_Init                                0x080015f1   Thumb Code   400  stm32f10x_gpio.o(.text.GPIO_Init)
    I2C1_config                              0x08001781   Thumb Code   130  app_i2c.o(.text.I2C1_config)
    I2C1_read_buf                            0x08001805   Thumb Code   760  app_i2c.o(.text.I2C1_read_buf)
    I2C1_write                               0x08001afd   Thumb Code   438  app_i2c.o(.text.I2C1_write)
    I2C_AcknowledgeConfig                    0x08001cb5   Thumb Code    48  stm32f10x_i2c.o(.text.I2C_AcknowledgeConfig)
    I2C_CheckEvent                           0x08001ce5   Thumb Code    84  stm32f10x_i2c.o(.text.I2C_CheckEvent)
    I2C_Cmd                                  0x08001d39   Thumb Code    48  stm32f10x_i2c.o(.text.I2C_Cmd)
    I2C_GenerateSTART                        0x08001d69   Thumb Code    48  stm32f10x_i2c.o(.text.I2C_GenerateSTART)
    I2C_GenerateSTOP                         0x08001d99   Thumb Code    48  stm32f10x_i2c.o(.text.I2C_GenerateSTOP)
    I2C_Init                                 0x08001dc9   Thumb Code   430  stm32f10x_i2c.o(.text.I2C_Init)
    I2C_ReceiveData                          0x08001f79   Thumb Code    14  stm32f10x_i2c.o(.text.I2C_ReceiveData)
    I2C_Send7bitAddress                      0x08001f89   Thumb Code    66  stm32f10x_i2c.o(.text.I2C_Send7bitAddress)
    I2C_SendData                             0x08001fcd   Thumb Code    22  stm32f10x_i2c.o(.text.I2C_SendData)
    RCC_APB1PeriphClockCmd                   0x08001fe5   Thumb Code    62  stm32f10x_rcc.o(.text.RCC_APB1PeriphClockCmd)
    RCC_APB2PeriphClockCmd                   0x08002025   Thumb Code    62  stm32f10x_rcc.o(.text.RCC_APB2PeriphClockCmd)
    RCC_GetClocksFreq                        0x08002065   Thumb Code   374  stm32f10x_rcc.o(.text.RCC_GetClocksFreq)
    SystemInit                               0x08002309   Thumb Code   102  system_stm32f10x.o(.text.SystemInit)
    TIM_Cmd                                  0x08002371   Thumb Code    48  stm32f10x_tim.o(.text.TIM_Cmd)
    TIM_GetCounter                           0x080023a1   Thumb Code    12  stm32f10x_tim.o(.text.TIM_GetCounter)
    TIM_SetCounter                           0x080023ad   Thumb Code    22  stm32f10x_tim.o(.text.TIM_SetCounter)
    TIM_TimeBaseInit                         0x080023c5   Thumb Code   322  stm32f10x_tim.o(.text.TIM_TimeBaseInit)
    UART_Init                                0x08002509   Thumb Code   134  uart.o(.text.UART_Init)
    UART_SendChar                            0x08002591   Thumb Code    54  uart.o(.text.UART_SendChar)
    UART_SendString                          0x080025c9   Thumb Code    36  uart.o(.text.UART_SendString)
    USART_Cmd                                0x080025ed   Thumb Code    48  stm32f10x_usart.o(.text.USART_Cmd)
    USART_GetFlagStatus                      0x0800261d   Thumb Code    72  stm32f10x_usart.o(.text.USART_GetFlagStatus)
    USART_Init                               0x08002665   Thumb Code   350  stm32f10x_usart.o(.text.USART_Init)
    USART_SendData                           0x080027c5   Thumb Code    26  stm32f10x_usart.o(.text.USART_SendData)
    main                                     0x080027e1   Thumb Code    86  main.o(.text.main)
    timer2_Init                              0x08002839   Thumb Code    58  timer.o(.text.timer2_Init)
    _btod_d2e                                0x08002873   Thumb Code    62  btod.o(CL$$btod_d2e)
    _d2e_denorm_low                          0x080028b1   Thumb Code    70  btod.o(CL$$btod_d2e_denorm_low)
    _d2e_norm_op1                            0x080028f7   Thumb Code    96  btod.o(CL$$btod_d2e_norm_op1)
    __btod_div_common                        0x08002957   Thumb Code   696  btod.o(CL$$btod_div_common)
    _e2e                                     0x08002c8f   Thumb Code   220  btod.o(CL$$btod_e2e)
    _btod_ediv                               0x08002d6b   Thumb Code    42  btod.o(CL$$btod_ediv)
    _btod_emul                               0x08002d95   Thumb Code    42  btod.o(CL$$btod_emul)
    __btod_mult_common                       0x08002dbf   Thumb Code   580  btod.o(CL$$btod_mult_common)
    __ARM_fpclassify                         0x08003003   Thumb Code    40  fpclassify.o(i.__ARM_fpclassify)
    _is_digit                                0x0800302b   Thumb Code    14  __printf_wp.o(i._is_digit)
    _get_lc_numeric                          0x08003039   Thumb Code    44  lc_numeric_c.o(locale$$code)
    _get_lc_ctype                            0x08003065   Thumb Code    44  lc_ctype_c.o(locale$$code)
    __aeabi_d2f                              0x08003091   Thumb Code     0  d2f.o(x$fpl$d2f)
    _d2f                                     0x08003091   Thumb Code    98  d2f.o(x$fpl$d2f)
    __aeabi_ddiv                             0x080030f5   Thumb Code     0  ddiv.o(x$fpl$ddiv)
    _ddiv                                    0x080030f5   Thumb Code   552  ddiv.o(x$fpl$ddiv)
    __fpl_dnaninf                            0x080033a5   Thumb Code   156  dnaninf.o(x$fpl$dnaninf)
    __fpl_dretinf                            0x08003441   Thumb Code    12  dretinf.o(x$fpl$dretinf)
    __aeabi_f2d                              0x0800344d   Thumb Code     0  f2d.o(x$fpl$f2d)
    _f2d                                     0x0800344d   Thumb Code    86  f2d.o(x$fpl$f2d)
    __aeabi_i2f                              0x080034a5   Thumb Code     0  fflt_clz.o(x$fpl$fflt)
    _fflt                                    0x080034a5   Thumb Code    48  fflt_clz.o(x$fpl$fflt)
    __fpl_fnaninf                            0x080034d5   Thumb Code   140  fnaninf.o(x$fpl$fnaninf)
    __fpl_fretinf                            0x08003561   Thumb Code    10  fretinf.o(x$fpl$fretinf)
    _printf_fp_dec                           0x0800356b   Thumb Code     4  printf1.o(x$fpl$printf1)
    _printf_fp_hex                           0x0800356f   Thumb Code     4  printf2.o(x$fpl$printf2)
    __I$use$fp                               0x08003572   Number         0  usenofp.o(x$fpl$usenofp)
    Region$$Table$$Base                      0x0800369c   Number         0  anon$$obj.o(Region$$Table)
    Region$$Table$$Limit                     0x080036ac   Number         0  anon$$obj.o(Region$$Table)
    __ctype                                  0x080036d5   Data           0  lc_ctype_c.o(locale$$data)
    __libspace_start                         0x20000000   Data          96  libspace.o(.bss)
    __temporary_stack_top$libspace           0x20000060   Data           0  libspace.o(.bss)



==============================================================================

Memory Map of the image

  Image Entry point : 0x080000ed

  Load Region LR_IROM1 (Base: 0x08000000, Size: 0x000037d8, Max: 0x00010000, ABSOLUTE)

    Execution Region ER_IROM1 (Exec base: 0x08000000, Load base: 0x08000000, Size: 0x000037d8, Max: 0x00010000, ABSOLUTE)

    Exec Addr    Load Addr    Size         Type   Attr      Idx    E Section Name        Object

    0x08000000   0x08000000   0x000000ec   Data   RO          671    RESET               startup_stm32f10x_md.o
    0x080000ec   0x080000ec   0x00000008   Code   RO          702  * !!!main             c_w.l(__main.o)
    0x080000f4   0x080000f4   0x00000034   Code   RO         1059    !!!scatter          c_w.l(__scatter.o)
    0x08000128   0x08000128   0x0000001c   Code   RO         1061    !!handler_zi        c_w.l(__scatter_zi.o)
    0x08000144   0x08000144   0x00000000   Code   RO          800    .ARM.Collect$$_printf_percent$$00000000  c_w.l(_printf_percent.o)
    0x08000144   0x08000144   0x00000006   Code   RO          789    .ARM.Collect$$_printf_percent$$00000001  c_w.l(_printf_n.o)
    0x0800014a   0x0800014a   0x00000006   Code   RO          791    .ARM.Collect$$_printf_percent$$00000002  c_w.l(_printf_p.o)
    0x08000150   0x08000150   0x00000006   Code   RO          796    .ARM.Collect$$_printf_percent$$00000003  c_w.l(_printf_f.o)
    0x08000156   0x08000156   0x00000006   Code   RO          797    .ARM.Collect$$_printf_percent$$00000004  c_w.l(_printf_e.o)
    0x0800015c   0x0800015c   0x00000006   Code   RO          798    .ARM.Collect$$_printf_percent$$00000005  c_w.l(_printf_g.o)
    0x08000162   0x08000162   0x00000006   Code   RO          799    .ARM.Collect$$_printf_percent$$00000006  c_w.l(_printf_a.o)
    0x08000168   0x08000168   0x0000000a   Code   RO          804    .ARM.Collect$$_printf_percent$$00000007  c_w.l(_printf_ll.o)
    0x08000172   0x08000172   0x00000006   Code   RO          793    .ARM.Collect$$_printf_percent$$00000008  c_w.l(_printf_i.o)
    0x08000178   0x08000178   0x00000006   Code   RO          794    .ARM.Collect$$_printf_percent$$00000009  c_w.l(_printf_d.o)
    0x0800017e   0x0800017e   0x00000006   Code   RO          795    .ARM.Collect$$_printf_percent$$0000000A  c_w.l(_printf_u.o)
    0x08000184   0x08000184   0x00000006   Code   RO          792    .ARM.Collect$$_printf_percent$$0000000B  c_w.l(_printf_o.o)
    0x0800018a   0x0800018a   0x00000006   Code   RO          790    .ARM.Collect$$_printf_percent$$0000000C  c_w.l(_printf_x.o)
    0x08000190   0x08000190   0x00000006   Code   RO          801    .ARM.Collect$$_printf_percent$$0000000D  c_w.l(_printf_lli.o)
    0x08000196   0x08000196   0x00000006   Code   RO          802    .ARM.Collect$$_printf_percent$$0000000E  c_w.l(_printf_lld.o)
    0x0800019c   0x0800019c   0x00000006   Code   RO          803    .ARM.Collect$$_printf_percent$$0000000F  c_w.l(_printf_llu.o)
    0x080001a2   0x080001a2   0x00000006   Code   RO          808    .ARM.Collect$$_printf_percent$$00000010  c_w.l(_printf_llo.o)
    0x080001a8   0x080001a8   0x00000006   Code   RO          809    .ARM.Collect$$_printf_percent$$00000011  c_w.l(_printf_llx.o)
    0x080001ae   0x080001ae   0x0000000a   Code   RO          805    .ARM.Collect$$_printf_percent$$00000012  c_w.l(_printf_l.o)
    0x080001b8   0x080001b8   0x00000006   Code   RO          787    .ARM.Collect$$_printf_percent$$00000013  c_w.l(_printf_c.o)
    0x080001be   0x080001be   0x00000006   Code   RO          788    .ARM.Collect$$_printf_percent$$00000014  c_w.l(_printf_s.o)
    0x080001c4   0x080001c4   0x00000006   Code   RO          806    .ARM.Collect$$_printf_percent$$00000015  c_w.l(_printf_lc.o)
    0x080001ca   0x080001ca   0x00000006   Code   RO          807    .ARM.Collect$$_printf_percent$$00000016  c_w.l(_printf_ls.o)
    0x080001d0   0x080001d0   0x00000004   Code   RO          859    .ARM.Collect$$_printf_percent$$00000017  c_w.l(_printf_percent_end.o)
    0x080001d4   0x080001d4   0x00000002   Code   RO          910    .ARM.Collect$$libinit$$00000000  c_w.l(libinit.o)
    0x080001d6   0x080001d6   0x00000000   Code   RO          928    .ARM.Collect$$libinit$$00000002  c_w.l(libinit2.o)
    0x080001d6   0x080001d6   0x00000000   Code   RO          930    .ARM.Collect$$libinit$$00000004  c_w.l(libinit2.o)
    0x080001d6   0x080001d6   0x00000000   Code   RO          933    .ARM.Collect$$libinit$$0000000A  c_w.l(libinit2.o)
    0x080001d6   0x080001d6   0x00000000   Code   RO          935    .ARM.Collect$$libinit$$0000000C  c_w.l(libinit2.o)
    0x080001d6   0x080001d6   0x00000000   Code   RO          937    .ARM.Collect$$libinit$$0000000E  c_w.l(libinit2.o)
    0x080001d6   0x080001d6   0x00000006   Code   RO          938    .ARM.Collect$$libinit$$0000000F  c_w.l(libinit2.o)
    0x080001dc   0x080001dc   0x00000000   Code   RO          940    .ARM.Collect$$libinit$$00000011  c_w.l(libinit2.o)
    0x080001dc   0x080001dc   0x0000000c   Code   RO          941    .ARM.Collect$$libinit$$00000012  c_w.l(libinit2.o)
    0x080001e8   0x080001e8   0x00000000   Code   RO          942    .ARM.Collect$$libinit$$00000013  c_w.l(libinit2.o)
    0x080001e8   0x080001e8   0x00000000   Code   RO          944    .ARM.Collect$$libinit$$00000015  c_w.l(libinit2.o)
    0x080001e8   0x080001e8   0x0000000a   Code   RO          945    .ARM.Collect$$libinit$$00000016  c_w.l(libinit2.o)
    0x080001f2   0x080001f2   0x00000000   Code   RO          946    .ARM.Collect$$libinit$$00000017  c_w.l(libinit2.o)
    0x080001f2   0x080001f2   0x00000000   Code   RO          948    .ARM.Collect$$libinit$$00000019  c_w.l(libinit2.o)
    0x080001f2   0x080001f2   0x00000000   Code   RO          950    .ARM.Collect$$libinit$$0000001B  c_w.l(libinit2.o)
    0x080001f2   0x080001f2   0x00000000   Code   RO          952    .ARM.Collect$$libinit$$0000001D  c_w.l(libinit2.o)
    0x080001f2   0x080001f2   0x00000000   Code   RO          954    .ARM.Collect$$libinit$$0000001F  c_w.l(libinit2.o)
    0x080001f2   0x080001f2   0x00000000   Code   RO          956    .ARM.Collect$$libinit$$00000021  c_w.l(libinit2.o)
    0x080001f2   0x080001f2   0x00000000   Code   RO          958    .ARM.Collect$$libinit$$00000023  c_w.l(libinit2.o)
    0x080001f2   0x080001f2   0x00000000   Code   RO          960    .ARM.Collect$$libinit$$00000025  c_w.l(libinit2.o)
    0x080001f2   0x080001f2   0x00000008   Code   RO          962    .ARM.Collect$$libinit$$00000027  c_w.l(libinit2.o)
    0x080001fa   0x080001fa   0x00000000   Code   RO          966    .ARM.Collect$$libinit$$0000002E  c_w.l(libinit2.o)
    0x080001fa   0x080001fa   0x00000000   Code   RO          968    .ARM.Collect$$libinit$$00000030  c_w.l(libinit2.o)
    0x080001fa   0x080001fa   0x00000000   Code   RO          970    .ARM.Collect$$libinit$$00000032  c_w.l(libinit2.o)
    0x080001fa   0x080001fa   0x00000002   Code   RO          971    .ARM.Collect$$libinit$$00000033  c_w.l(libinit2.o)
    0x080001fc   0x080001fc   0x00000002   Code   RO          995    .ARM.Collect$$libshutdown$$00000000  c_w.l(libshutdown.o)
    0x080001fe   0x080001fe   0x00000000   Code   RO         1010    .ARM.Collect$$libshutdown$$00000002  c_w.l(libshutdown2.o)
    0x080001fe   0x080001fe   0x00000000   Code   RO         1012    .ARM.Collect$$libshutdown$$00000004  c_w.l(libshutdown2.o)
    0x080001fe   0x080001fe   0x00000000   Code   RO         1015    .ARM.Collect$$libshutdown$$00000007  c_w.l(libshutdown2.o)
    0x080001fe   0x080001fe   0x00000000   Code   RO         1018    .ARM.Collect$$libshutdown$$0000000A  c_w.l(libshutdown2.o)
    0x080001fe   0x080001fe   0x00000000   Code   RO         1020    .ARM.Collect$$libshutdown$$0000000C  c_w.l(libshutdown2.o)
    0x080001fe   0x080001fe   0x00000000   Code   RO         1023    .ARM.Collect$$libshutdown$$0000000F  c_w.l(libshutdown2.o)
    0x080001fe   0x080001fe   0x00000002   Code   RO         1024    .ARM.Collect$$libshutdown$$00000010  c_w.l(libshutdown2.o)
    0x08000200   0x08000200   0x00000000   Code   RO          718    .ARM.Collect$$rtentry$$00000000  c_w.l(__rtentry.o)
    0x08000200   0x08000200   0x00000000   Code   RO          828    .ARM.Collect$$rtentry$$00000002  c_w.l(__rtentry2.o)
    0x08000200   0x08000200   0x00000006   Code   RO          840    .ARM.Collect$$rtentry$$00000004  c_w.l(__rtentry4.o)
    0x08000206   0x08000206   0x00000000   Code   RO          830    .ARM.Collect$$rtentry$$00000009  c_w.l(__rtentry2.o)
    0x08000206   0x08000206   0x00000004   Code   RO          831    .ARM.Collect$$rtentry$$0000000A  c_w.l(__rtentry2.o)
    0x0800020a   0x0800020a   0x00000000   Code   RO          833    .ARM.Collect$$rtentry$$0000000C  c_w.l(__rtentry2.o)
    0x0800020a   0x0800020a   0x00000008   Code   RO          834    .ARM.Collect$$rtentry$$0000000D  c_w.l(__rtentry2.o)
    0x08000212   0x08000212   0x00000002   Code   RO          918    .ARM.Collect$$rtexit$$00000000  c_w.l(rtexit.o)
    0x08000214   0x08000214   0x00000000   Code   RO          973    .ARM.Collect$$rtexit$$00000002  c_w.l(rtexit2.o)
    0x08000214   0x08000214   0x00000004   Code   RO          974    .ARM.Collect$$rtexit$$00000003  c_w.l(rtexit2.o)
    0x08000218   0x08000218   0x00000006   Code   RO          975    .ARM.Collect$$rtexit$$00000004  c_w.l(rtexit2.o)
    0x0800021e   0x0800021e   0x00000002   PAD
    0x08000220   0x08000220   0x00000004   Code   RO          981    .emb_text           c_w.l(argv_veneer.o)
    0x08000224   0x08000224   0x00000040   Code   RO          672    .text               startup_stm32f10x_md.o
    0x08000264   0x08000264   0x0000002c   Code   RO          698    .text               c_w.l(sprintf.o)
    0x08000290   0x08000290   0x00000006   Code   RO          700    .text               c_w.l(heapauxi.o)
    0x08000296   0x08000296   0x0000004e   Code   RO          721    .text               c_w.l(_printf_pad.o)
    0x080002e4   0x080002e4   0x00000024   Code   RO          723    .text               c_w.l(_printf_truncate.o)
    0x08000308   0x08000308   0x00000052   Code   RO          725    .text               c_w.l(_printf_str.o)
    0x0800035a   0x0800035a   0x00000002   PAD
    0x0800035c   0x0800035c   0x00000078   Code   RO          727    .text               c_w.l(_printf_dec.o)
    0x080003d4   0x080003d4   0x00000028   Code   RO          729    .text               c_w.l(_printf_charcount.o)
    0x080003fc   0x080003fc   0x00000030   Code   RO          731    .text               c_w.l(_printf_char_common.o)
    0x0800042c   0x0800042c   0x0000000a   Code   RO          733    .text               c_w.l(_sputc.o)
    0x08000436   0x08000436   0x00000002   PAD
    0x08000438   0x08000438   0x000000bc   Code   RO          735    .text               c_w.l(_printf_wctomb.o)
    0x080004f4   0x080004f4   0x0000007c   Code   RO          738    .text               c_w.l(_printf_longlong_dec.o)
    0x08000570   0x08000570   0x00000070   Code   RO          744    .text               c_w.l(_printf_oct_int_ll.o)
    0x080005e0   0x080005e0   0x00000094   Code   RO          764    .text               c_w.l(_printf_hex_int_ll_ptr.o)
    0x08000674   0x08000674   0x00000188   Code   RO          784    .text               c_w.l(__printf_flags_ss_wp.o)
    0x080007fc   0x080007fc   0x0000008a   Code   RO          842    .text               c_w.l(lludiv10.o)
    0x08000886   0x08000886   0x000000b2   Code   RO          844    .text               c_w.l(_printf_intcommon.o)
    0x08000938   0x08000938   0x0000041c   Code   RO          846    .text               c_w.l(_printf_fp_dec.o)
    0x08000d54   0x08000d54   0x000002fc   Code   RO          850    .text               c_w.l(_printf_fp_hex.o)
    0x08001050   0x08001050   0x0000002c   Code   RO          855    .text               c_w.l(_printf_char.o)
    0x0800107c   0x0800107c   0x0000002c   Code   RO          857    .text               c_w.l(_printf_wchar.o)
    0x080010a8   0x080010a8   0x00000048   Code   RO          860    .text               c_w.l(_c16rtomb.o)
    0x080010f0   0x080010f0   0x0000004a   Code   RO          862    .text               c_w.l(sys_stackheap_outer.o)
    0x0800113a   0x0800113a   0x00000002   PAD
    0x0800113c   0x0800113c   0x00000010   Code   RO          864    .text               c_w.l(rt_ctype_table.o)
    0x0800114c   0x0800114c   0x00000008   Code   RO          869    .text               c_w.l(rt_locale_intlibspace.o)
    0x08001154   0x08001154   0x00000080   Code   RO          871    .text               c_w.l(_printf_fp_infnan.o)
    0x080011d4   0x080011d4   0x000000e4   Code   RO          873    .text               c_w.l(bigflt0.o)
    0x080012b8   0x080012b8   0x00000012   Code   RO          903    .text               c_w.l(exit.o)
    0x080012ca   0x080012ca   0x00000002   PAD
    0x080012cc   0x080012cc   0x00000008   Code   RO          915    .text               c_w.l(libspace.o)
    0x080012d4   0x080012d4   0x00000080   Code   RO          925    .text               c_w.l(strcmpv7m.o)
    0x08001354   0x08001354   0x0000000c   Code   RO          985    .text               c_w.l(sys_exit.o)
    0x08001360   0x08001360   0x0000012e   Code   RO          991    .text               c_w.l(_get_argv_nomalloc.o)
    0x0800148e   0x0800148e   0x00000018   Code   RO          996    .text               c_w.l(sys_command.o)
    0x080014a6   0x080014a6   0x00000002   Code   RO         1000    .text               c_w.l(use_no_semi.o)
    0x080014a8   0x080014a8   0x00000000   Code   RO         1002    .text               c_w.l(indicate_semi.o)
    0x080014a8   0x080014a8   0x00000004   Code   RO         1003    .text               c_w.l(hrguard.o)
    0x080014ac   0x080014ac   0x0000000e   Code   RO         1005    .text               c_w.l(defsig_rtmem_outer.o)
    0x080014ba   0x080014ba   0x0000000a   Code   RO         1027    .text               c_w.l(defsig_exit.o)
    0x080014c4   0x080014c4   0x00000050   Code   RO         1029    .text               c_w.l(defsig_rtmem_inner.o)
    0x08001514   0x08001514   0x00000032   Code   RO         1033    .text               c_w.l(defsig_general.o)
    0x08001546   0x08001546   0x0000000e   Code   RO         1035    .text               c_w.l(sys_wrch.o)
    0x08001554   0x08001554   0x00000012   Code   RO           28    .text.BH1750_Init   bh1750.o
    0x08001566   0x08001566   0x00000002   PAD
    0x08001568   0x08001568   0x00000044   Code   RO           30    .text.BH1750_Readlux  bh1750.o
    0x080015ac   0x080015ac   0x00000042   Code   RO           42    .text.Delay_1ms     timer.o
    0x080015ee   0x080015ee   0x00000002   PAD
    0x080015f0   0x080015f0   0x00000190   Code   RO          142    .text.GPIO_Init     stm32f10x_gpio.o
    0x08001780   0x08001780   0x00000082   Code   RO           12    .text.I2C1_config   app_i2c.o
    0x08001802   0x08001802   0x00000002   PAD
    0x08001804   0x08001804   0x000002f8   Code   RO           18    .text.I2C1_read_buf  app_i2c.o
    0x08001afc   0x08001afc   0x000001b6   Code   RO           14    .text.I2C1_write    app_i2c.o
    0x08001cb2   0x08001cb2   0x00000002   PAD
    0x08001cb4   0x08001cb4   0x00000030   Code   RO          198    .text.I2C_AcknowledgeConfig  stm32f10x_i2c.o
    0x08001ce4   0x08001ce4   0x00000054   Code   RO          236    .text.I2C_CheckEvent  stm32f10x_i2c.o
    0x08001d38   0x08001d38   0x00000030   Code   RO          188    .text.I2C_Cmd       stm32f10x_i2c.o
    0x08001d68   0x08001d68   0x00000030   Code   RO          194    .text.I2C_GenerateSTART  stm32f10x_i2c.o
    0x08001d98   0x08001d98   0x00000030   Code   RO          196    .text.I2C_GenerateSTOP  stm32f10x_i2c.o
    0x08001dc8   0x08001dc8   0x000001ae   Code   RO          184    .text.I2C_Init      stm32f10x_i2c.o
    0x08001f76   0x08001f76   0x00000002   PAD
    0x08001f78   0x08001f78   0x0000000e   Code   RO          210    .text.I2C_ReceiveData  stm32f10x_i2c.o
    0x08001f86   0x08001f86   0x00000002   PAD
    0x08001f88   0x08001f88   0x00000042   Code   RO          212    .text.I2C_Send7bitAddress  stm32f10x_i2c.o
    0x08001fca   0x08001fca   0x00000002   PAD
    0x08001fcc   0x08001fcc   0x00000016   Code   RO          208    .text.I2C_SendData  stm32f10x_i2c.o
    0x08001fe2   0x08001fe2   0x00000002   PAD
    0x08001fe4   0x08001fe4   0x0000003e   Code   RO          302    .text.RCC_APB1PeriphClockCmd  stm32f10x_rcc.o
    0x08002022   0x08002022   0x00000002   PAD
    0x08002024   0x08002024   0x0000003e   Code   RO          300    .text.RCC_APB2PeriphClockCmd  stm32f10x_rcc.o
    0x08002062   0x08002062   0x00000002   PAD
    0x08002064   0x08002064   0x00000176   Code   RO          296    .text.RCC_GetClocksFreq  stm32f10x_rcc.o
    0x080021da   0x080021da   0x00000002   PAD
    0x080021dc   0x080021dc   0x00000008   Code   RO          681    .text.SetSysClock   system_stm32f10x.o
    0x080021e4   0x080021e4   0x00000122   Code   RO          685    .text.SetSysClockTo72  system_stm32f10x.o
    0x08002306   0x08002306   0x00000002   PAD
    0x08002308   0x08002308   0x00000066   Code   RO          679    .text.SystemInit    system_stm32f10x.o
    0x0800236e   0x0800236e   0x00000002   PAD
    0x08002370   0x08002370   0x00000030   Code   RO          440    .text.TIM_Cmd       stm32f10x_tim.o
    0x080023a0   0x080023a0   0x0000000c   Code   RO          568    .text.TIM_GetCounter  stm32f10x_tim.o
    0x080023ac   0x080023ac   0x00000016   Code   RO          546    .text.TIM_SetCounter  stm32f10x_tim.o
    0x080023c2   0x080023c2   0x00000002   PAD
    0x080023c4   0x080023c4   0x00000142   Code   RO          400    .text.TIM_TimeBaseInit  stm32f10x_tim.o
    0x08002506   0x08002506   0x00000002   PAD
    0x08002508   0x08002508   0x00000086   Code   RO           52    .text.UART_Init     uart.o
    0x0800258e   0x0800258e   0x00000002   PAD
    0x08002590   0x08002590   0x00000036   Code   RO           54    .text.UART_SendChar  uart.o
    0x080025c6   0x080025c6   0x00000002   PAD
    0x080025c8   0x080025c8   0x00000024   Code   RO           56    .text.UART_SendString  uart.o
    0x080025ec   0x080025ec   0x00000030   Code   RO          598    .text.USART_Cmd     stm32f10x_usart.o
    0x0800261c   0x0800261c   0x00000048   Code   RO          638    .text.USART_GetFlagStatus  stm32f10x_usart.o
    0x08002664   0x08002664   0x0000015e   Code   RO          590    .text.USART_Init    stm32f10x_usart.o
    0x080027c2   0x080027c2   0x00000002   PAD
    0x080027c4   0x080027c4   0x0000001a   Code   RO          614    .text.USART_SendData  stm32f10x_usart.o
    0x080027de   0x080027de   0x00000002   PAD
    0x080027e0   0x080027e0   0x00000056   Code   RO            2    .text.main          main.o
    0x08002836   0x08002836   0x00000002   PAD
    0x08002838   0x08002838   0x0000003a   Code   RO           40    .text.timer2_Init   timer.o
    0x08002872   0x08002872   0x0000003e   Code   RO          876    CL$$btod_d2e        c_w.l(btod.o)
    0x080028b0   0x080028b0   0x00000046   Code   RO          878    CL$$btod_d2e_denorm_low  c_w.l(btod.o)
    0x080028f6   0x080028f6   0x00000060   Code   RO          877    CL$$btod_d2e_norm_op1  c_w.l(btod.o)
    0x08002956   0x08002956   0x00000338   Code   RO          886    CL$$btod_div_common  c_w.l(btod.o)
    0x08002c8e   0x08002c8e   0x000000dc   Code   RO          883    CL$$btod_e2e        c_w.l(btod.o)
    0x08002d6a   0x08002d6a   0x0000002a   Code   RO          880    CL$$btod_ediv       c_w.l(btod.o)
    0x08002d94   0x08002d94   0x0000002a   Code   RO          879    CL$$btod_emul       c_w.l(btod.o)
    0x08002dbe   0x08002dbe   0x00000244   Code   RO          885    CL$$btod_mult_common  c_w.l(btod.o)
    0x08003002   0x08003002   0x00000028   Code   RO          913    i.__ARM_fpclassify  m_ws.l(fpclassify.o)
    0x0800302a   0x0800302a   0x0000000e   Code   RO          777    i._is_digit         c_w.l(__printf_wp.o)
    0x08003038   0x08003038   0x0000002c   Code   RO          901    locale$$code        c_w.l(lc_numeric_c.o)
    0x08003064   0x08003064   0x0000002c   Code   RO          923    locale$$code        c_w.l(lc_ctype_c.o)
    0x08003090   0x08003090   0x00000062   Code   RO          704    x$fpl$d2f           fz_ws.l(d2f.o)
    0x080030f2   0x080030f2   0x00000002   PAD
    0x080030f4   0x080030f4   0x000002b0   Code   RO          707    x$fpl$ddiv          fz_ws.l(ddiv.o)
    0x080033a4   0x080033a4   0x0000009c   Code   RO          810    x$fpl$dnaninf       fz_ws.l(dnaninf.o)
    0x08003440   0x08003440   0x0000000c   Code   RO          812    x$fpl$dretinf       fz_ws.l(dretinf.o)
    0x0800344c   0x0800344c   0x00000056   Code   RO          710    x$fpl$f2d           fz_ws.l(f2d.o)
    0x080034a2   0x080034a2   0x00000002   PAD
    0x080034a4   0x080034a4   0x00000030   Code   RO          713    x$fpl$fflt          fz_ws.l(fflt_clz.o)
    0x080034d4   0x080034d4   0x0000008c   Code   RO          814    x$fpl$fnaninf       fz_ws.l(fnaninf.o)
    0x08003560   0x08003560   0x0000000a   Code   RO          816    x$fpl$fretinf       fz_ws.l(fretinf.o)
    0x0800356a   0x0800356a   0x00000004   Code   RO          818    x$fpl$printf1       fz_ws.l(printf1.o)
    0x0800356e   0x0800356e   0x00000004   Code   RO          820    x$fpl$printf2       fz_ws.l(printf2.o)
    0x08003572   0x08003572   0x00000000   Code   RO          826    x$fpl$usenofp       fz_ws.l(usenofp.o)
    0x08003572   0x08003572   0x00000002   PAD
    0x08003574   0x08003574   0x00000008   Data   RO          736    .constdata          c_w.l(_printf_wctomb.o)
    0x0800357c   0x0800357c   0x00000028   Data   RO          765    .constdata          c_w.l(_printf_hex_int_ll_ptr.o)
    0x080035a4   0x080035a4   0x00000011   Data   RO          785    .constdata          c_w.l(__printf_flags_ss_wp.o)
    0x080035b5   0x080035b5   0x00000026   Data   RO          851    .constdata          c_w.l(_printf_fp_hex.o)
    0x080035db   0x080035db   0x00000001   PAD
    0x080035dc   0x080035dc   0x00000094   Data   RO          874    .constdata          c_w.l(bigflt0.o)
    0x08003670   0x08003670   0x00000004   Data   RO          321    .rodata.ADCPrescTable  stm32f10x_rcc.o
    0x08003674   0x08003674   0x00000010   Data   RO          320    .rodata.APBAHBPrescTable  stm32f10x_rcc.o
    0x08003684   0x08003684   0x00000018   Data   RO            4    .rodata.str1.1      main.o
    0x0800369c   0x0800369c   0x00000010   Data   RO         1058    Region$$Table       anon$$obj.o
    0x080036ac   0x080036ac   0x0000001c   Data   RO          900    locale$$data        c_w.l(lc_numeric_c.o)
    0x080036c8   0x080036c8   0x00000110   Data   RO          922    locale$$data        c_w.l(lc_ctype_c.o)


    Execution Region RW_IRAM1 (Exec base: 0x20000000, Load base: 0x080037d8, Size: 0x00000660, Max: 0x00005000, ABSOLUTE)

    Exec Addr    Load Addr    Size         Type   Attr      Idx    E Section Name        Object

    0x20000000        -       0x00000060   Zero   RW          916    .bss                c_w.l(libspace.o)
    0x20000060        -       0x00000200   Zero   RW          670    HEAP                startup_stm32f10x_md.o
    0x20000260        -       0x00000400   Zero   RW          669    STACK               startup_stm32f10x_md.o


==============================================================================

Image component sizes


      Code (inc. data)   RO Data    RW Data    ZI Data      Debug   Object Name

      1328          0          0          0          0       3993   app_i2c.o
        86          0          0          0          0        629   bh1750.o
        86          0         24          0          0        536   main.o
        64         26        236          0       1536        812   startup_stm32f10x_md.o
       400          0          0          0          0       5701   stm32f10x_gpio.o
       808          0          0          0          0       7892   stm32f10x_i2c.o
       498          0         20          0          0       7040   stm32f10x_rcc.o
       404          0          0          0          0      20517   stm32f10x_tim.o
       496          0          0          0          0       7504   stm32f10x_usart.o
       400          0          0          0          0       2940   system_stm32f10x.o
       124          0          0          0          0       2189   timer.o
       224          0          0          0          0       2452   uart.o

    ----------------------------------------------------------------------
      4958         26        296          0       1536      62205   Object Totals
         0          0         16          0          0          0   (incl. Generated)
        40          0          0          0          0          0   (incl. Padding)

    ----------------------------------------------------------------------

      Code (inc. data)   RO Data    RW Data    ZI Data      Debug   Library Member Name

         8          0          0          0          0         68   __main.o
       392          4         17          0          0         92   __printf_flags_ss_wp.o
        14          0          0          0          0         68   __printf_wp.o
         0          0          0          0          0          0   __rtentry.o
        12          0          0          0          0          0   __rtentry2.o
         6          0          0          0          0          0   __rtentry4.o
        52          8          0          0          0          0   __scatter.o
        28          0          0          0          0          0   __scatter_zi.o
        72          0          0          0          0         96   _c16rtomb.o
       302          0          0          0          0        168   _get_argv_nomalloc.o
         6          0          0          0          0          0   _printf_a.o
         6          0          0          0          0          0   _printf_c.o
        44          0          0          0          0        108   _printf_char.o
        48          6          0          0          0         96   _printf_char_common.o
        40          0          0          0          0         68   _printf_charcount.o
         6          0          0          0          0          0   _printf_d.o
       120         16          0          0          0         92   _printf_dec.o
         6          0          0          0          0          0   _printf_e.o
         6          0          0          0          0          0   _printf_f.o
      1052          0          0          0          0        148   _printf_fp_dec.o
       764          8         38          0          0        100   _printf_fp_hex.o
       128         16          0          0          0         84   _printf_fp_infnan.o
         6          0          0          0          0          0   _printf_g.o
       148          4         40          0          0        160   _printf_hex_int_ll_ptr.o
         6          0          0          0          0          0   _printf_i.o
       178          0          0          0          0         88   _printf_intcommon.o
        10          0          0          0          0          0   _printf_l.o
         6          0          0          0          0          0   _printf_lc.o
        10          0          0          0          0          0   _printf_ll.o
         6          0          0          0          0          0   _printf_lld.o
         6          0          0          0          0          0   _printf_lli.o
         6          0          0          0          0          0   _printf_llo.o
         6          0          0          0          0          0   _printf_llu.o
         6          0          0          0          0          0   _printf_llx.o
       124         16          0          0          0         92   _printf_longlong_dec.o
         6          0          0          0          0          0   _printf_ls.o
         6          0          0          0          0          0   _printf_n.o
         6          0          0          0          0          0   _printf_o.o
       112          8          0          0          0        124   _printf_oct_int_ll.o
         6          0          0          0          0          0   _printf_p.o
        78          0          0          0          0        108   _printf_pad.o
         0          0          0          0          0          0   _printf_percent.o
         4          0          0          0          0          0   _printf_percent_end.o
         6          0          0          0          0          0   _printf_s.o
        82          0          0          0          0         80   _printf_str.o
        36          0          0          0          0         84   _printf_truncate.o
         6          0          0          0          0          0   _printf_u.o
        44          0          0          0          0        108   _printf_wchar.o
       188          6          8          0          0         92   _printf_wctomb.o
         6          0          0          0          0          0   _printf_x.o
        10          0          0          0          0         68   _sputc.o
         4          0          0          0          0         68   argv_veneer.o
       228          4        148          0          0         96   bigflt0.o
      1936        128          0          0          0        672   btod.o
        10          0          0          0          0         68   defsig_exit.o
        50          0          0          0          0         88   defsig_general.o
        80         58          0          0          0         76   defsig_rtmem_inner.o
        14          0          0          0          0         80   defsig_rtmem_outer.o
        18          0          0          0          0         80   exit.o
         6          0          0          0          0        152   heapauxi.o
         4          0          0          0          0        136   hrguard.o
         0          0          0          0          0          0   indicate_semi.o
        44         10        272          0          0         76   lc_ctype_c.o
        44         10         28          0          0         76   lc_numeric_c.o
         2          0          0          0          0          0   libinit.o
        38          0          0          0          0          0   libinit2.o
         2          0          0          0          0          0   libshutdown.o
         2          0          0          0          0          0   libshutdown2.o
         8          4          0          0         96         68   libspace.o
       138          0          0          0          0         80   lludiv10.o
        16          4          0          0          0         76   rt_ctype_table.o
         8          4          0          0          0         68   rt_locale_intlibspace.o
         2          0          0          0          0          0   rtexit.o
        10          0          0          0          0          0   rtexit2.o
        44          6          0          0          0         84   sprintf.o
       128          0          0          0          0         68   strcmpv7m.o
        24          0          0          0          0         76   sys_command.o
        12          4          0          0          0         68   sys_exit.o
        74          0          0          0          0         80   sys_stackheap_outer.o
        14          0          0          0          0         76   sys_wrch.o
         2          0          0          0          0         68   use_no_semi.o
        98          4          0          0          0         92   d2f.o
       688        140          0          0          0        216   ddiv.o
       156          4          0          0          0         92   dnaninf.o
        12          0          0          0          0         68   dretinf.o
        86          4          0          0          0         84   f2d.o
        48          0          0          0          0         68   fflt_clz.o
       140          4          0          0          0         84   fnaninf.o
        10          0          0          0          0         68   fretinf.o
         4          0          0          0          0         68   printf1.o
         4          0          0          0          0         68   printf2.o
         0          0          0          0          0          0   usenofp.o
        40          0          0          0          0         68   fpclassify.o

    ----------------------------------------------------------------------
      8490        480        552          0         96       5648   Library Totals
        16          0          1          0          0          0   (incl. Padding)

    ----------------------------------------------------------------------

      Code (inc. data)   RO Data    RW Data    ZI Data      Debug   Library Name

      7188        324        551          0         96       4672   c_w.l
      1246        156          0          0          0        908   fz_ws.l
        40          0          0          0          0         68   m_ws.l

    ----------------------------------------------------------------------
      8490        480        552          0         96       5648   Library Totals

    ----------------------------------------------------------------------

==============================================================================


      Code (inc. data)   RO Data    RW Data    ZI Data      Debug   

     13448        506        848          0       1632      64553   Grand Totals
     13448        506        848          0       1632      64553   ELF Image Totals
     13448        506        848          0          0          0   ROM Totals

==============================================================================

    Total RO  Size (Code + RO Data)                14296 (  13.96kB)
    Total RW  Size (RW Data + ZI Data)              1632 (   1.59kB)
    Total ROM Size (Code + RO Data + RW Data)      14296 (  13.96kB)

==============================================================================

