<html>
<body>
<pre>
<h1>µVision Build Log</h1>
<h2>Tool Versions:</h2>
IDE-Version: µVision V5.29.0.0
Copyright (C) 2019 ARM Ltd and ARM Germany GmbH. All rights reserved.
License Information: a Admin, a, LIC=----
 
Tool Versions:
Toolchain:       MDK-Lite  Version: 5.29.0.0
Toolchain Path:  C:\Keil_v5\ARM\ARMCLANG\Bin
C Compiler:      ArmClang.exe V6.13.1
Assembler:       Armasm.exe V6.13.1
Linker/Locator:  ArmLink.exe V6.13.1
Library Manager: ArmAr.exe V6.13.1
Hex Converter:   FromElf.exe V6.13.1
CPU DLL:         SARMCM3.DLL V5.29.0.0
Dialog DLL:      DCM.DLL V1.17.3.0
Target DLL:      UL2CM3.DLL V1.163.0.0
Dialog DLL:      TCM.DLL V1.36.5.0
 
<h2>Project:</h2>
D:\mangcambien\TH2_BH1750\MDK\BH1750.uvprojx
Project File Date:  03/22/2025

<h2>Output:</h2>
*** Using Compiler 'V6.13.1', folder: 'C:\Keil_v5\ARM\ARMCLANG\Bin'
Build target 'Target_1'
../USER/bh1750.c(15): warning: implicit conversion loses floating-point precision: 'double' to 'float' [-Wimplicit-float-conversion]
    return ((float)((tmp8[0] << 8) | tmp8[1]) / 1.2);
    ~~~~~~  ~~~~~~~~~~~~~~~~~~~~~~~~~~~~~~~~~~^~~~~
../USER/bh1750.c(15): warning: implicit conversion increases floating-point precision: 'float' to 'double' [-Wdouble-promotion]
    return ((float)((tmp8[0] << 8) | tmp8[1]) / 1.2);
            ^~~~~~~~~~~~~~~~~~~~~~~~~~~~~~~~~ ~
2 warnings generated.
compiling bh1750.c...
../USER/main.c(17): warning: implicit conversion increases floating-point precision: 'float' to 'double' [-Wdouble-promotion]
        sprintf(buffer, "Light BH1750: %.2f Lux\n", lux);
        ~~~~~~~                                     ^~~
../USER/main.c(21): warning: no newline at end of file [-Wnewline-eof]
}
 ^
2 warnings generated.
compiling main.c...
../USER/app_i2c.c(1): warning: In file included from...
../USER/app_i2c.h(1): warning: In file included from...
C:/Users/Admin/AppData/Local/Arm/Packs/Keil/STM32F1xx_DFP/2.4.1/Device/Include\stm32f10x.h(8347): warning: In file included from...
./RTE/Device/STM32F103C8\stm32f10x_conf.h(66): warning: In file included from...
C:/Users/Admin/AppData/Local/Arm/Packs/Keil/STM32F1xx_DFP/2.4.1/Device/StdPeriph_Driver/inc\stm32f10x_i2c.h(49): warning: padding size of 'I2C_InitTypeDef' with 2 bytes to alignment boundary [-Wpadded]
typedef struct
        ^
../USER/app_i2c.c(92): warning: implicit conversion loses integer precision: 'volatile uint16_t' (aka 'volatile unsigned short') to 'unsigned char' [-Wimplicit-int-conversion]
    data = I2C1->DR;
         ~ ~~~~~~^~
2 warnings generated.
compiling app_i2c.c...
../USER/timer.c(1): warning: In file included from...
../USER/timer.h(1): warning: In file included from...
C:/Users/Admin/AppData/Local/Arm/Packs/Keil/STM32F1xx_DFP/2.4.1/Device/Include\stm32f10x.h(8347): warning: In file included from...
./RTE/Device/STM32F103C8\stm32f10x_conf.h(87): warning: In file included from...
C:/Users/Admin/AppData/Local/Arm/Packs/Keil/STM32F1xx_DFP/2.4.1/Device/StdPeriph_Driver/inc\stm32f10x_tim.h(50): warning: padding size of 'TIM_TimeBaseInitTypeDef' with 1 byte to alignment boundary [-Wpadded]
typedef struct
        ^
../USER/timer.c(21): warning: no newline at end of file [-Wnewline-eof]
}
 ^
2 warnings generated.
compiling timer.c...
../USER/uart.c(1): warning: In file included from...
C:/Users/Admin/AppData/Local/Arm/Packs/Keil/STM32F1xx_DFP/2.4.1/Device/Include\stm32f10x.h(8347): warning: In file included from...
./RTE/Device/STM32F103C8\stm32f10x_conf.h(90): warning: In file included from...
C:/Users/Admin/AppData/Local/Arm/Packs/Keil/STM32F1xx_DFP/2.4.1/Device/StdPeriph_Driver/inc\stm32f10x_usart.h(49): warning: padding size of 'USART_InitTypeDef' with 2 bytes to alignment boundary [-Wpadded]
typedef struct
        ^
../USER/uart.c(3): warning: no previous prototype for function 'UART_Init' [-Wmissing-prototypes]
void UART_Init(void)
     ^
../USER/uart.c(3): note: declare 'static' if the function is not intended to be used outside of this translation unit
void UART_Init(void)
^
static 
../USER/uart.c(32): warning: no previous prototype for function 'UART_SendChar' [-Wmissing-prototypes]
void UART_SendChar(char c)
     ^
../USER/uart.c(32): note: declare 'static' if the function is not intended to be used outside of this translation unit
void UART_SendChar(char c)
^
static 
../USER/uart.c(38): warning: no previous prototype for function 'UART_SendString' [-Wmissing-prototypes]
void UART_SendString(char *str)
     ^
../USER/uart.c(38): note: declare 'static' if the function is not intended to be used outside of this translation unit
void UART_SendString(char *str)
^
static 
4 warnings generated.
compiling uart.c...
C:/Users/Admin/AppData/Local/Arm/Packs/Keil/STM32F1xx_DFP/2.4.1/Device/StdPeriph_Driver/src/misc.c(131): warning: implicit conversion loses integer precision: 'uint32_t' (aka 'unsigned int') to 'uint8_t' (aka 'unsigned char') [-Wimplicit-int-conversion]
    NVIC->IPR[NVIC_InitStruct->NVIC_IRQChannel] = tmppriority;
                                                ~ ^~~~~~~~~~~
1 warning generated.
compiling misc.c...
compiling stm32f10x_dma.c...
C:/Users/Admin/AppData/Local/Arm/Packs/Keil/STM32F1xx_DFP/2.4.1/Device/StdPeriph_Driver/src/stm32f10x_exti.c(22): warning: In file included from...
C:/Users/Admin/AppData/Local/Arm/Packs/Keil/STM32F1xx_DFP/2.4.1/Device/StdPeriph_Driver/inc\stm32f10x_exti.h(75): warning: padding size of 'EXTI_InitTypeDef' with 1 byte to alignment boundary [-Wpadded]
typedef struct
        ^
1 warning generated.
compiling stm32f10x_exti.c...
compiling stm32f10x_gpio.c...
C:/Users/Admin/AppData/Local/Arm/Packs/Keil/STM32F1xx_DFP/2.4.1/Device/StdPeriph_Driver/src/stm32f10x_i2c.c(22): warning: In file included from...
C:/Users/Admin/AppData/Local/Arm/Packs/Keil/STM32F1xx_DFP/2.4.1/Device/StdPeriph_Driver/inc\stm32f10x_i2c.h(49): warning: padding size of 'I2C_InitTypeDef' with 2 bytes to alignment boundary [-Wpadded]
typedef struct
        ^
1 warning generated.
compiling stm32f10x_i2c.c...
compiling stm32f10x_rcc.c...
C:/Users/Admin/AppData/Local/Arm/Packs/Keil/STM32F1xx_DFP/2.4.1/Device/StdPeriph_Driver/src/stm32f10x_sdio.c(22): warning: In file included from...
C:/Users/Admin/AppData/Local/Arm/Packs/Keil/STM32F1xx_DFP/2.4.1/Device/StdPeriph_Driver/inc\stm32f10x_sdio.h(45): warning: padding size of 'SDIO_InitTypeDef' with 3 bytes to alignment boundary [-Wpadded]
typedef struct
        ^
1 warning generated.
compiling stm32f10x_sdio.c...
C:/Users/Admin/AppData/Local/Arm/Packs/Keil/STM32F1xx_DFP/2.4.1/RTE_Driver/GPIO_STM32F10x.c(26): warning: In file included from...
C:/Users/Admin/AppData/Local/Arm/Packs/Keil/STM32F1xx_DFP/2.4.1/RTE_Driver/GPIO_STM32F10x.h(246): warning: implicit conversion loses integer precision: 'volatile uint32_t' (aka 'volatile unsigned int') to 'uint16_t' (aka 'unsigned short') [-Wimplicit-int-conversion]
  return (GPIOx->IDR);
  ~~~~~~  ~~~~~~~^~~
C:/Users/Admin/AppData/Local/Arm/Packs/Keil/STM32F1xx_DFP/2.4.1/RTE_Driver/GPIO_STM32F10x.c(128): warning: integer constant not in range of enumerated type 'GPIO_CONF' [-Wassign-enum]
      conf &= ~1;
              ^
C:/Users/Admin/AppData/Local/Arm/Packs/Keil/STM32F1xx_DFP/2.4.1/RTE_Driver/GPIO_STM32F10x.c(140): warning: implicit conversion changes signedness: 'int' to 'unsigned int' [-Wsign-conversion]
  *reg &= ~(0xF << (num << 2));
       ~~ ^~~~~~~~~~~~~~~~~~~~
C:/Users/Admin/AppData/Local/Arm/Packs/Keil/STM32F1xx_DFP/2.4.1/RTE_Driver/GPIO_STM32F10x.c(141): warning: implicit conversion changes signedness: 'int' to 'unsigned int' [-Wsign-conversion]
  *reg |= ((conf << 2) | mode) << (num << 2);
       ~~ ~~~~~~~~~~~~~~~~~~~~~^~~~~~~~~~~~~
4 warnings generated.
compiling GPIO_STM32F10x.c...
C:/Users/Admin/AppData/Local/Arm/Packs/Keil/STM32F1xx_DFP/2.4.1/Device/StdPeriph_Driver/src/stm32f10x_usart.c(22): warning: In file included from...
C:/Users/Admin/AppData/Local/Arm/Packs/Keil/STM32F1xx_DFP/2.4.1/Device/StdPeriph_Driver/inc\stm32f10x_usart.h(49): warning: padding size of 'USART_InitTypeDef' with 2 bytes to alignment boundary [-Wpadded]
typedef struct
        ^
C:/Users/Admin/AppData/Local/Arm/Packs/Keil/STM32F1xx_DFP/2.4.1/Device/StdPeriph_Driver/src/stm32f10x_usart.c(1043): warning: implicit conversion loses integer precision: 'int' to 'uint16_t' (aka 'unsigned short') [-Wimplicit-int-conversion]
  itmask = ((uint16_t)0x01 << (uint16_t)bitpos);
         ~  ~~~~~~~~~~~~~~~^~~~~~~~~~~~~~~~~~~
2 warnings generated.
compiling stm32f10x_usart.c...
C:/Users/Admin/AppData/Local/Arm/Packs/Keil/STM32F1xx_DFP/2.4.1/Device/StdPeriph_Driver/src/stm32f10x_tim.c(22): warning: In file included from...
C:/Users/Admin/AppData/Local/Arm/Packs/Keil/STM32F1xx_DFP/2.4.1/Device/StdPeriph_Driver/inc\stm32f10x_tim.h(50): warning: padding size of 'TIM_TimeBaseInitTypeDef' with 1 byte to alignment boundary [-Wpadded]
typedef struct
        ^
C:/Users/Admin/AppData/Local/Arm/Packs/Keil/STM32F1xx_DFP/2.4.1/Device/StdPeriph_Driver/src/stm32f10x_tim.c(725): warning: implicit conversion loses integer precision: 'unsigned int' to 'uint16_t' (aka 'unsigned short') [-Wimplicit-int-conversion]
             TIM_BDTRInitStruct->TIM_Break | TIM_BDTRInitStruct->TIM_BreakPolarity |
             ~~~~~~~~~~~~~~~~~~~~~~~~~~~~~~~~~~~~~~~~~~~~~~~~~~~~~~~~~~~~~~~~~~~~~~^
C:/Users/Admin/AppData/Local/Arm/Packs/Keil/STM32F1xx_DFP/2.4.1/Device/StdPeriph_Driver/src/stm32f10x_tim.c(1982): warning: implicit conversion loses integer precision: 'int' to 'uint16_t' (aka 'unsigned short') [-Wimplicit-int-conversion]
  tmp = CCER_CCE_Set << TIM_Channel;
      ~ ~~~~~~~~~~~~~^~~~~~~~~~~~~~
C:/Users/Admin/AppData/Local/Arm/Packs/Keil/STM32F1xx_DFP/2.4.1/Device/StdPeriph_Driver/src/stm32f10x_tim.c(2012): warning: implicit conversion loses integer precision: 'int' to 'uint16_t' (aka 'unsigned short') [-Wimplicit-int-conversion]
  tmp = CCER_CCNE_Set << TIM_Channel;
      ~ ~~~~~~~~~~~~~~^~~~~~~~~~~~~~
C:/Users/Admin/AppData/Local/Arm/Packs/Keil/STM32F1xx_DFP/2.4.1/Device/StdPeriph_Driver/src/stm32f10x_tim.c(2057): warning: implicit conversion loses integer precision: 'int' to 'uint16_t' (aka 'unsigned short') [-Wimplicit-int-conversion]
  tmp1 = CCER_CCE_Set << (uint16_t)TIM_Channel;
       ~ ~~~~~~~~~~~~~^~~~~~~~~~~~~~~~~~~~~~~~
5 warnings generated.
compiling stm32f10x_tim.c...
assembling startup_stm32f10x_md.s...
RTE/Device/STM32F103C8/system_stm32f10x.c(166): warning: no previous extern declaration for non-static variable 'AHBPrescTable' [-Wmissing-variable-declarations]
__I uint8_t AHBPrescTable[16] = {0, 0, 0, 0, 0, 0, 0, 0, 1, 2, 3, 4, 6, 7, 8, 9};
            ^
RTE/Device/STM32F103C8/system_stm32f10x.c(166): note: declare 'static' if the variable is not intended to be used outside of this translation unit
__I uint8_t AHBPrescTable[16] = {0, 0, 0, 0, 0, 0, 0, 0, 1, 2, 3, 4, 6, 7, 8, 9};
    ^
1 warning generated.
compiling system_stm32f10x.c...
linking...
Program Size: Code=13448 RO-data=848 RW-data=0 ZI-data=1632  
".\Objects\BH1750.axf" - 0 Error(s), 28 Warning(s).

<h2>Software Packages used:</h2>

Package Vendor: ARM
                https://www.keil.com/pack/ARM.CMSIS.6.1.0.pack
                ARM.CMSIS.6.1.0
                CMSIS (Common Microcontroller Software Interface Standard)
   * Component: CORE Version: 6.1.0

Package Vendor: Keil
                https://www.keil.com/pack/Keil.STM32F1xx_DFP.2.4.1.pack
                Keil.STM32F1xx_DFP.2.4.1
                STMicroelectronics STM32F1 Series Device Support, Drivers and Examples
   * Component: GPIO Version: 1.3
   * Component: Startup Version: 1.0.0
   * Component: DMA Version: 3.6.0
   * Component: EXTI Version: 3.6.0
   * Component: Framework Version: 3.6.0
   * Component: GPIO Version: 3.6.0
   * Component: I2C Version: 3.6.0
   * Component: RCC Version: 3.6.0
   * Component: SDIO Version: 3.6.0
   * Component: TIM Version: 3.6.0
   * Component: USART Version: 3.6.0

<h2>Collection of Component include folders:</h2>
  .\RTE\Device\STM32F103C8
  .\RTE\_Target_1
  C:\Users\Admin\AppData\Local\Arm\Packs\ARM\CMSIS\6.1.0\CMSIS\Core\Include
  C:\Users\Admin\AppData\Local\Arm\Packs\Keil\STM32F1xx_DFP\2.4.1\Device\Include
  C:\Users\Admin\AppData\Local\Arm\Packs\Keil\STM32F1xx_DFP\2.4.1\Device\StdPeriph_Driver\inc
  C:\Users\Admin\AppData\Local\Arm\Packs\Keil\STM32F1xx_DFP\2.4.1\RTE_Driver

<h2>Collection of Component Files used:</h2>

   * Component: ARM::CMSIS:CORE:6.1.0

   * Component: Keil::Device:GPIO:1.3
      Include file:  RTE_Driver\GPIO_STM32F10x.h
      Source file:   RTE_Driver\GPIO_STM32F10x.c

   * Component: Keil::Device:Startup:1.0.0
      Include file:  RTE_Driver\Config\RTE_Device.h
      Source file:   Device\Source\ARM\STM32F1xx_OPT.s
      Source file:   Device\Source\ARM\startup_stm32f10x_md.s
      Source file:   Device\Source\system_stm32f10x.c

   * Component: Keil::Device:StdPeriph Drivers:DMA:3.6.0
      Include file:  Device\StdPeriph_Driver\inc\stm32f10x_dma.h
      Source file:   Device\StdPeriph_Driver\src\stm32f10x_dma.c

   * Component: Keil::Device:StdPeriph Drivers:EXTI:3.6.0
      Include file:  Device\StdPeriph_Driver\inc\stm32f10x_exti.h
      Source file:   Device\StdPeriph_Driver\src\stm32f10x_exti.c

   * Component: Keil::Device:StdPeriph Drivers:Framework:3.6.0
      Source file:   Device\StdPeriph_Driver\templates\stm32f10x_it.c
      Source file:   Device\StdPeriph_Driver\src\misc.c
      Include file:  Device\StdPeriph_Driver\inc\misc.h
      Include file:  Device\StdPeriph_Driver\templates\stm32f10x_it.h
      Source file:   Device\StdPeriph_Driver\templates\stm32f10x_conf.h

   * Component: Keil::Device:StdPeriph Drivers:GPIO:3.6.0
      Include file:  Device\StdPeriph_Driver\inc\stm32f10x_gpio.h
      Source file:   Device\StdPeriph_Driver\src\stm32f10x_gpio.c

   * Component: Keil::Device:StdPeriph Drivers:I2C:3.6.0
      Include file:  Device\StdPeriph_Driver\inc\stm32f10x_i2c.h
      Source file:   Device\StdPeriph_Driver\src\stm32f10x_i2c.c

   * Component: Keil::Device:StdPeriph Drivers:RCC:3.6.0
      Include file:  Device\StdPeriph_Driver\inc\stm32f10x_rcc.h
      Source file:   Device\StdPeriph_Driver\src\stm32f10x_rcc.c

   * Component: Keil::Device:StdPeriph Drivers:SDIO:3.6.0
      Source file:   Device\StdPeriph_Driver\src\stm32f10x_sdio.c
      Include file:  Device\StdPeriph_Driver\inc\stm32f10x_sdio.h

   * Component: Keil::Device:StdPeriph Drivers:TIM:3.6.0
      Source file:   Device\StdPeriph_Driver\src\stm32f10x_tim.c
      Include file:  Device\StdPeriph_Driver\inc\stm32f10x_tim.h

   * Component: Keil::Device:StdPeriph Drivers:USART:3.6.0
      Include file:  Device\StdPeriph_Driver\inc\stm32f10x_usart.h
      Source file:   Device\StdPeriph_Driver\src\stm32f10x_usart.c
Build Time Elapsed:  00:00:04
</pre>
</body>
</html>
